<?xml version="1.0" encoding="utf-8"?>
<TestRun id="19ff0399-790e-4ebc-a5bf-13976c50ded6" name="@e48a8263a08a 2026-08-03 17:49:16" xmlns="http://microsoft.com/schemas/VisualStudio/TeamTest/2010">
  <Times creation="2026-08-03T17:49:16.0956305+00:00" queuing="2026-08-03T17:49:16.0956307+00:00" start="2026-08-03T17:49:09.6584626+00:00" finish="2026-08-03T17:49:54.7210779+00:00" />
  <TestSettings name="default" id="93058e0e-4677-4b1d-8685-9ddb7318143d">
    <Deployment runDeploymentRoot="_e48a8263a08a_2026-08-03_17_49_16" />
  </TestSettings>
  <Results>
    <UnitTestResult executionId="7c3aa044-fb67-4e46-9c9c-52b890650808" testId="5df95f92-d822-2ac4-88f5-db2748997ad7" testName="Slopterm.Tests.CollectionCryptoTests.GeneratesADistinctCollectionIdEveryTime" computerName="e48a8263a08a" duration="00:00:00.0004167" startTime="2026-08-03T17:49:51.2612457+00:00" endTime="2026-08-03T17:49:51.2612458+00:00" testType="13cdc9d9-ddb5-4fa4-a97d-d965ccfc6d4b" outcome="Passed" testListId="8c84fa94-04c1-424b-9868-57a2d4851a1d" relativeResultsDirectory="7c3aa044-fb67-4e46-9c9c-52b890650808" />
    <UnitTestResult executionId="f68c796f-9f07-4742-94f3-c878e431dcf6" testId="6849cfb4-3363-071d-8910-aa2cbb6a33f2" testName="Slopterm.Tests.HybridLogicalClockTests.OrdersByPhysicalThenCounterThenNode" computerName="e48a8263a08a" duration="00:00:00.0004657" startTime="2026-08-03T17:49:51.2483808+00:00" endTime="2026-08-03T17:49:51.2483809+00:00" testType="13cdc9d9-ddb5-4fa4-a97d-d965ccfc6d4b" outcome="Passed" testListId="8c84fa94-04c1-424b-9868-57a2d4851a1d" relativeResultsDirectory="f68c796f-9f07-4742-94f3-c878e431dcf6" />
    <UnitTestResult executionId="ce650160-5ade-446d-baf2-841e6960d16e" testId="27b0f2a2-b48b-3ccb-d1da-68ddd4669ec1" testName="Slopterm.Tests.WebDavIntegrationTests.TwoDevicesConvergeThroughARealServer" computerName="e48a8263a08a" duration="00:00:00.0010000" startTime="2026-08-03T17:49:51.2117260+00:00" endTime="2026-08-03T17:49:51.2117261+00:00" testType="13cdc9d9-ddb5-4fa4-a97d-d965ccfc6d4b" outcome="NotExecuted" testListId="8c84fa94-04c1-424b-9868-57a2d4851a1d" relativeResultsDirectory="ce650160-5ade-446d-baf2-841e6960d16e">
      <Output>
        <ErrorInfo>
          <Message>SLOPTERM_WEBDAV_URL not set</Message>
        </ErrorInfo>
      </Output>
    </UnitTestResult>
    <UnitTestResult executionId="22161b4b-5638-48c5-aa1c-5a448697c260" testId="060cf423-72e3-14b7-68ce-860f034fbcb7" testName="Slopterm.Tests.HybridLogicalClockTests.StampsAfterAPeerEvenWhenThisClockIsBehind" computerName="e48a8263a08a" duration="00:00:00.0009436" startTime="2026-08-03T17:49:51.2478006+00:00" endTime="2026-08-03T17:49:51.2478008+00:00" testType="13cdc9d9-ddb5-4fa4-a97d-d965ccfc6d4b" outcome="Passed" testListId="8c84fa94-04c1-424b-9868-57a2d4851a1d" relativeResultsDirectory="22161b4b-5638-48c5-aa1c-5a448697c260" />
    <UnitTestResult executionId="952aa413-0046-4d92-a7e8-34f1fbe9094c" testId="04bfe952-fb94-f9d3-6611-10bdb76d4645" testName="Slopterm.Tests.VaultSyncServiceTests.AnEditAfterADeleteWinsOverTheTombstone" computerName="e48a8263a08a" duration="00:00:01.4701389" startTime="2026-08-03T17:49:32.4871703+00:00" endTime="2026-08-03T17:49:32.4871705+00:00" testType="13cdc9d9-ddb5-4fa4-a97d-d965ccfc6d4b" outcome="Passed" testListId="8c84fa94-04c1-424b-9868-57a2d4851a1d" relativeResultsDirectory="952aa413-0046-4d92-a7e8-34f1fbe9094c" />
    <UnitTestResult executionId="026ef2e5-ef27-4cec-abb5-0dba82d23a8d" testId="444961b3-2c6d-e8bc-d1ef-fa18eda762da" testName="Slopterm.Tests.HybridLogicalClockTests.NeverIssuesTheSameValueTwice" computerName="e48a8263a08a" duration="00:00:00.0160052" startTime="2026-08-03T17:49:51.2561109+00:00" endTime="2026-08-03T17:49:51.2561110+00:00" testType="13cdc9d9-ddb5-4fa4-a97d-d965ccfc6d4b" outcome="Passed" testListId="8c84fa94-04c1-424b-9868-57a2d4851a1d" relativeResultsDirectory="026ef2e5-ef27-4cec-abb5-0dba82d23a8d" />
    <UnitTestResult executionId="81f5c772-102f-499e-afcd-1c8da5b13cbe" testId="eacf0f88-eeb6-33b8-0e5b-d752d937e9a4" testName="Slopterm.Tests.WebDavRemoteTests.ReportsPreconditionFailuresRatherThanThrowing" computerName="e48a8263a08a" duration="00:00:00.0010000" startTime="2026-08-03T17:49:51.2339550+00:00" endTime="2026-08-03T17:49:51.2339552+00:00" testType="13cdc9d9-ddb5-4fa4-a97d-d965ccfc6d4b" outcome="NotExecuted" testListId="8c84fa94-04c1-424b-9868-57a2d4851a1d" relativeResultsDirectory="81f5c772-102f-499e-afcd-1c8da5b13cbe">
      <Output>
        <ErrorInfo>
          <Message>SLOPTERM_WEBDAV_URL not set</Message>
        </ErrorInfo>
      </Output>
    </UnitTestResult>
    <UnitTestResult executionId="afad955d-5c68-4ed1-baf7-03f77c977f0a" testId="889dff0c-cda9-e59a-b47f-c5ea36b2b1ce" testName="Slopterm.Tests.CredentialResolverTests.MatchesNamesCaseInsensitively" computerName="e48a8263a08a" duration="00:00:01.3943969" startTime="2026-08-03T17:49:27.1859828+00:00" endTime="2026-08-03T17:49:27.1859831+00:00" testType="13cdc9d9-ddb5-4fa4-a97d-d965ccfc6d4b" outcome="Passed" testListId="8c84fa94-04c1-424b-9868-57a2d4851a1d" relativeResultsDirectory="afad955d-5c68-4ed1-baf7-03f77c977f0a" />
    <UnitTestResult executionId="734ac00b-d5fd-4e66-b20e-3222ff200b9f" testId="9bc58c4f-cbc4-efed-8f90-e6abb762f55f" testName="Slopterm.Tests.CredentialResolverTests.TheSameNameResolvesToADifferentLocalKeyOnEachDevice" computerName="e48a8263a08a" duration="00:00:02.6590253" startTime="2026-08-03T17:49:18.2718051+00:00" endTime="2026-08-03T17:49:18.2718054+00:00" testType="13cdc9d9-ddb5-4fa4-a97d-d965ccfc6d4b" outcome="Passed" testListId="8c84fa94-04c1-424b-9868-57a2d4851a1d" relativeResultsDirectory="734ac00b-d5fd-4e66-b20e-3222ff200b9f" />
    <UnitTestResult executionId="8e7cbb2d-f154-4560-b186-f84c24c1f96a" testId="ffa15a08-53f5-f4ed-b590-9cc41b2148ac" testName="Slopterm.Tests.WebDavIntegrationTests.ConcurrentEditsKeepBothSidesThroughARealServer" computerName="e48a8263a08a" duration="00:00:00.0010000" startTime="2026-08-03T17:49:51.2078729+00:00" endTime="2026-08-03T17:49:51.2078730+00:00" testType="13cdc9d9-ddb5-4fa4-a97d-d965ccfc6d4b" outcome="NotExecuted" testListId="8c84fa94-04c1-424b-9868-57a2d4851a1d" relativeResultsDirectory="8e7cbb2d-f154-4560-b186-f84c24c1f96a">
      <Output>
        <ErrorInfo>
          <Message>SLOPTERM_WEBDAV_URL not set</Message>
        </ErrorInfo>
      </Output>
    </UnitTestResult>
    <UnitTestResult executionId="82f4303d-0202-478f-ab1f-b842d4117a7b" testId="0e82ef00-9678-0855-062e-421292b832a9" testName="Slopterm.Tests.CollectionCryptoTests.EncryptingTwiceNeverProducesTheSameBytes" computerName="e48a8263a08a" duration="00:00:00.0003609" startTime="2026-08-03T17:49:51.2607872+00:00" endTime="2026-08-03T17:49:51.2607873+00:00" testType="13cdc9d9-ddb5-4fa4-a97d-d965ccfc6d4b" outcome="Passed" testListId="8c84fa94-04c1-424b-9868-57a2d4851a1d" relativeResultsDirectory="82f4303d-0202-478f-ab1f-b842d4117a7b" />
    <UnitTestResult executionId="415d19c1-f29c-495c-ad4c-7e858b76be69" testId="8f88247e-66be-e104-f96e-bdc2018f97ab" testName="Slopterm.Tests.WebDavRemoteTests.RejectsAUrlThatIsntHttp" computerName="e48a8263a08a" duration="00:00:00.0028159" startTime="2026-08-03T17:49:51.2340635+00:00" endTime="2026-08-03T17:49:51.2340636+00:00" testType="13cdc9d9-ddb5-4fa4-a97d-d965ccfc6d4b" outcome="Passed" testListId="8c84fa94-04c1-424b-9868-57a2d4851a1d" relativeResultsDirectory="415d19c1-f29c-495c-ad4c-7e858b76be69" />
    <UnitTestResult executionId="87cec97a-6f86-4fa3-a7d0-77637c445c95" testId="7395c2d5-dbf5-675f-dcc3-5b1269890c18" testName="Slopterm.Tests.HybridLogicalClockTests.ParsesAnythingUnusableAsTheEpoch(value: &quot;2026-07-30T12:00:00.123Z&quot;)" computerName="e48a8263a08a" duration="00:00:00.0000188" startTime="2026-08-03T17:49:51.2484755+00:00" endTime="2026-08-03T17:49:51.2484755+00:00" testType="13cdc9d9-ddb5-4fa4-a97d-d965ccfc6d4b" outcome="Passed" testListId="8c84fa94-04c1-424b-9868-57a2d4851a1d" relativeResultsDirectory="87cec97a-6f86-4fa3-a7d0-77637c445c95" />
    <UnitTestResult executionId="11ee0f44-9b8a-469a-9ee1-06eede452725" testId="ed7bdbc4-8e0d-b459-05e1-5ea6a55b5e1d" testName="Slopterm.Tests.CollectionCryptoTests.GeneratesADistinctKeyEveryTime" computerName="e48a8263a08a" duration="00:00:00.0008550" startTime="2026-08-03T17:49:51.2572366+00:00" endTime="2026-08-03T17:49:51.2572367+00:00" testType="13cdc9d9-ddb5-4fa4-a97d-d965ccfc6d4b" outcome="Passed" testListId="8c84fa94-04c1-424b-9868-57a2d4851a1d" relativeResultsDirectory="11ee0f44-9b8a-469a-9ee1-06eede452725" />
    <UnitTestResult executionId="8e732b2f-0a96-45b1-b863-8ccc8b92c181" testId="8d8dc28c-9c06-eab3-d1c9-135b98593f8f" testName="Slopterm.Tests.VaultSyncServiceTests.DevicesCanUseTheirOwnWebDavAccounts" computerName="e48a8263a08a" duration="00:00:01.2592520" startTime="2026-08-03T17:49:47.0424620+00:00" endTime="2026-08-03T17:49:47.0424622+00:00" testType="13cdc9d9-ddb5-4fa4-a97d-d965ccfc6d4b" outcome="Passed" testListId="8c84fa94-04c1-424b-9868-57a2d4851a1d" relativeResultsDirectory="8e732b2f-0a96-45b1-b863-8ccc8b92c181" />
    <UnitTestResult executionId="604625ae-5f7b-4675-a6ec-54cee17ee635" testId="1169cd94-c0e7-0844-b786-b04448fa3759" testName="Slopterm.Tests.VaultSyncServiceTests.ATieBetweenTwoDevicesResolvesTheSameWayOnBoth" computerName="e48a8263a08a" duration="00:00:01.9596244" startTime="2026-08-03T17:49:34.4500701+00:00" endTime="2026-08-03T17:49:34.4500703+00:00" testType="13cdc9d9-ddb5-4fa4-a97d-d965ccfc6d4b" outcome="Passed" testListId="8c84fa94-04c1-424b-9868-57a2d4851a1d" relativeResultsDirectory="604625ae-5f7b-4675-a6ec-54cee17ee635" />
    <UnitTestResult executionId="1c83264d-5d5a-44f7-ab96-9671271ee4a6" testId="8c3e9572-a4e0-399c-9fe0-0f0550b315b9" testName="Slopterm.Tests.CredentialResolverTests.SkipsAnUnresolvableCredentialForOneThatWorks" computerName="e48a8263a08a" duration="00:00:01.3314588" startTime="2026-08-03T17:49:28.5168623+00:00" endTime="2026-08-03T17:49:28.5168628+00:00" testType="13cdc9d9-ddb5-4fa4-a97d-d965ccfc6d4b" outcome="Passed" testListId="8c84fa94-04c1-424b-9868-57a2d4851a1d" relativeResultsDirectory="1c83264d-5d5a-44f7-ab96-9671271ee4a6" />
    <UnitTestResult executionId="a99ad5a5-1713-4654-972a-f84a86829562" testId="73304184-e608-ecdd-9533-712d61466eb6" testName="Slopterm.Tests.VaultSyncServiceTests.BothSidesEditingKeepsTheLoserAsAConflictCopy" computerName="e48a8263a08a" duration="00:00:01.4570444" startTime="2026-08-03T17:49:49.8341211+00:00" endTime="2026-08-03T17:49:49.8341214+00:00" testType="13cdc9d9-ddb5-4fa4-a97d-d965ccfc6d4b" outcome="Passed" testListId="8c84fa94-04c1-424b-9868-57a2d4851a1d" relativeResultsDirectory="a99ad5a5-1713-4654-972a-f84a86829562" />
    <UnitTestResult executionId="26b1c2cb-c93d-46dd-94d0-00cfaf93fa1d" testId="465822e1-3dfb-b4f9-7a1c-eaadf5be5c10" testName="Slopterm.Tests.CollectionShareCodecTests.RoundTripsAnInvite" computerName="e48a8263a08a" duration="00:00:00.0013790" startTime="2026-08-03T17:49:51.2649891+00:00" endTime="2026-08-03T17:49:51.2649892+00:00" testType="13cdc9d9-ddb5-4fa4-a97d-d965ccfc6d4b" outcome="Passed" testListId="8c84fa94-04c1-424b-9868-57a2d4851a1d" relativeResultsDirectory="26b1c2cb-c93d-46dd-94d0-00cfaf93fa1d" />
    <UnitTestResult executionId="6afa4063-51db-4cd6-896b-4bd3d9eb125c" testId="d2bc2e0b-f0b1-50b0-b03d-d0f5cf78c923" testName="Slopterm.Tests.CollectionShareCodecTests.RoundTripsAPassphraseWrappedToken" computerName="e48a8263a08a" duration="00:00:01.3159154" startTime="2026-08-03T17:49:54.5215063+00:00" endTime="2026-08-03T17:49:54.5215065+00:00" testType="13cdc9d9-ddb5-4fa4-a97d-d965ccfc6d4b" outcome="Passed" testListId="8c84fa94-04c1-424b-9868-57a2d4851a1d" relativeResultsDirectory="6afa4063-51db-4cd6-896b-4bd3d9eb125c" />
    <UnitTestResult executionId="297a6863-6481-4432-9fc3-cab70740a2a9" testId="9bd2e220-c72e-961a-c9c4-81740a2596fd" testName="Slopterm.Tests.VaultSyncServiceTests.AnEditOnOneDeviceOverwritesTheOlderCopyOnTheOther" computerName="e48a8263a08a" duration="00:00:01.3743218" startTime="2026-08-03T17:49:37.6786597+00:00" endTime="2026-08-03T17:49:37.6786599+00:00" testType="13cdc9d9-ddb5-4fa4-a97d-d965ccfc6d4b" outcome="Passed" testListId="8c84fa94-04c1-424b-9868-57a2d4851a1d" relativeResultsDirectory="297a6863-6481-4432-9fc3-cab70740a2a9" />
    <UnitTestResult executionId="fa5fa66a-befc-44f3-b12f-942077c13ddb" testId="ace97d1e-bb36-4bd8-cb57-74305f304697" testName="Slopterm.Tests.HybridLogicalClockTests.RoundTripsThroughItsSerializedForm" computerName="e48a8263a08a" duration="00:00:00.0080034" startTime="2026-08-03T17:49:51.2476235+00:00" endTime="2026-08-03T17:49:51.2476247+00:00" testType="13cdc9d9-ddb5-4fa4-a97d-d965ccfc6d4b" outcome="Passed" testListId="8c84fa94-04c1-424b-9868-57a2d4851a1d" relativeResultsDirectory="fa5fa66a-befc-44f3-b12f-942077c13ddb" />
    <UnitTestResult executionId="1236f2e2-4a79-494b-8d2b-96c38d3e2f74" testId="7e62a782-392b-a478-cebd-8214101a20c5" testName="Slopterm.Tests.VaultSyncServiceTests.ADeleteOnOneDevicePropagatesAndStaysDeleted" computerName="e48a8263a08a" duration="00:00:01.3571118" startTime="2026-08-03T17:49:44.4597134+00:00" endTime="2026-08-03T17:49:44.4597136+00:00" testType="13cdc9d9-ddb5-4fa4-a97d-d965ccfc6d4b" outcome="Passed" testListId="8c84fa94-04c1-424b-9868-57a2d4851a1d" relativeResultsDirectory="1236f2e2-4a79-494b-8d2b-96c38d3e2f74" />
    <UnitTestResult executionId="32556076-6f06-42ea-85ec-395a81054c01" testId="430204c9-0521-a730-6d2e-f3540ef7fdc4" testName="Slopterm.Tests.CredentialResolverTests.FallsBackToTheHostsOwnCollection" computerName="e48a8263a08a" duration="00:00:02.4303279" startTime="2026-08-03T17:49:20.7011191+00:00" endTime="2026-08-03T17:49:20.7011194+00:00" testType="13cdc9d9-ddb5-4fa4-a97d-d965ccfc6d4b" outcome="Passed" testListId="8c84fa94-04c1-424b-9868-57a2d4851a1d" relativeResultsDirectory="32556076-6f06-42ea-85ec-395a81054c01" />
    <UnitTestResult executionId="fd0e0713-82dd-40ff-b4ef-6f39e7a9446c" testId="4e16dc8e-dcc7-043a-dff8-4c0f731bc698" testName="Slopterm.Tests.CollectionShareCodecTests.RejectsAnythingThatIsntOneOfItsTokens(token: &quot;slopterm:host:v1:abc&quot;)" computerName="e48a8263a08a" duration="00:00:00.0000477" startTime="2026-08-03T17:49:51.2628797+00:00" endTime="2026-08-03T17:49:51.2628799+00:00" testType="13cdc9d9-ddb5-4fa4-a97d-d965ccfc6d4b" outcome="Passed" testListId="8c84fa94-04c1-424b-9868-57a2d4851a1d" relativeResultsDirectory="fd0e0713-82dd-40ff-b4ef-6f39e7a9446c" />
    <UnitTestResult executionId="98e3d802-f42a-4df4-96fe-a86d235587a4" testId="0a4e1810-0bf7-19b5-6dfd-536b16e6da89" testName="Slopterm.Tests.CollectionCryptoTests.RoundTripsARecordUnderTheCollectionKey" computerName="e48a8263a08a" duration="00:00:00.0004911" startTime="2026-08-03T17:49:51.2585148+00:00" endTime="2026-08-03T17:49:51.2585149+00:00" testType="13cdc9d9-ddb5-4fa4-a97d-d965ccfc6d4b" outcome="Passed" testListId="8c84fa94-04c1-424b-9868-57a2d4851a1d" relativeResultsDirectory="98e3d802-f42a-4df4-96fe-a86d235587a4" />
    <UnitTestResult executionId="e722d717-3dc4-406c-873b-11b54d0a4a34" testId="baa5793b-4d8d-4949-34e9-a10290558d9c" testName="Slopterm.Tests.VaultSyncServiceTests.ARecordSavedOnOneDeviceReachesTheOther" computerName="e48a8263a08a" duration="00:00:01.4151035" startTime="2026-08-03T17:49:41.8154601+00:00" endTime="2026-08-03T17:49:41.8154604+00:00" testType="13cdc9d9-ddb5-4fa4-a97d-d965ccfc6d4b" outcome="Passed" testListId="8c84fa94-04c1-424b-9868-57a2d4851a1d" relativeResultsDirectory="e722d717-3dc4-406c-873b-11b54d0a4a34" />
    <UnitTestResult executionId="eb0ea757-f971-4027-b1f4-2050baf5938c" testId="a373e96e-b62c-eb77-19ec-ac8fabf309f6" testName="Slopterm.Tests.VaultSyncServiceTests.RetriesAWriteThatLostAPreconditionRace" computerName="e48a8263a08a" duration="00:00:01.3212546" startTime="2026-08-03T17:49:45.7811993+00:00" endTime="2026-08-03T17:49:45.7811995+00:00" testType="13cdc9d9-ddb5-4fa4-a97d-d965ccfc6d4b" outcome="Passed" testListId="8c84fa94-04c1-424b-9868-57a2d4851a1d" relativeResultsDirectory="eb0ea757-f971-4027-b1f4-2050baf5938c" />
    <UnitTestResult executionId="7574aea9-0693-4f3b-b396-f9e7c2f43782" testId="50a79d9a-729d-94c5-3c94-9cda87bc27c6" testName="Slopterm.Tests.CollectionShareCodecTests.RejectsAnythingThatIsntOneOfItsTokens(token: &quot;hello&quot;)" computerName="e48a8263a08a" duration="00:00:00.0000593" startTime="2026-08-03T17:49:51.2626231+00:00" endTime="2026-08-03T17:49:51.2626232+00:00" testType="13cdc9d9-ddb5-4fa4-a97d-d965ccfc6d4b" outcome="Passed" testListId="8c84fa94-04c1-424b-9868-57a2d4851a1d" relativeResultsDirectory="7574aea9-0693-4f3b-b396-f9e7c2f43782" />
    <UnitTestResult executionId="b6910d5f-faa0-4c69-8060-510d37b35892" testId="f3280c23-027a-ad8f-0c3d-66466293ec0e" testName="Slopterm.Tests.CollectionShareCodecTests.RejectsAnythingThatIsntOneOfItsTokens(token: &quot;slopterm:collection:v1:&quot;)" computerName="e48a8263a08a" duration="00:00:00.0000472" startTime="2026-08-03T17:49:51.2627643+00:00" endTime="2026-08-03T17:49:51.2627644+00:00" testType="13cdc9d9-ddb5-4fa4-a97d-d965ccfc6d4b" outcome="Passed" testListId="8c84fa94-04c1-424b-9868-57a2d4851a1d" relativeResultsDirectory="b6910d5f-faa0-4c69-8060-510d37b35892" />
    <UnitTestResult executionId="62b97239-cc73-47a4-aeb9-5ad5151262f3" testId="42eef3d6-1a1b-bc2c-2bb9-eed7f9a6da87" testName="Slopterm.Tests.CredentialResolverTests.ReportsNoKeyOnThisDeviceRatherThanConnectingWithSomethingElse" computerName="e48a8263a08a" duration="00:00:01.9365992" startTime="2026-08-03T17:49:22.6346211+00:00" endTime="2026-08-03T17:49:22.6346212+00:00" testType="13cdc9d9-ddb5-4fa4-a97d-d965ccfc6d4b" outcome="Passed" testListId="8c84fa94-04c1-424b-9868-57a2d4851a1d" relativeResultsDirectory="62b97239-cc73-47a4-aeb9-5ad5151262f3" />
    <UnitTestResult executionId="a0cf3c36-a49f-44ed-b17a-26cf39253938" testId="96324546-0b4c-657a-38bf-87cae044038f" testName="Slopterm.Tests.HybridLogicalClockTests.ParsesAnythingUnusableAsTheEpoch(value: &quot;&quot;)" computerName="e48a8263a08a" duration="00:00:00.0000113" startTime="2026-08-03T17:49:51.2484994+00:00" endTime="2026-08-03T17:49:51.2484995+00:00" testType="13cdc9d9-ddb5-4fa4-a97d-d965ccfc6d4b" outcome="Passed" testListId="8c84fa94-04c1-424b-9868-57a2d4851a1d" relativeResultsDirectory="a0cf3c36-a49f-44ed-b17a-26cf39253938" />
    <UnitTestResult executionId="952d5ddd-f7b4-4667-83b0-410383bac531" testId="dee05ed0-16b7-2bf7-c3d9-eef784c5f1d8" testName="Slopterm.Tests.CollectionCryptoTests.KeyFingerprintIsStableDistinctAndReadable" computerName="e48a8263a08a" duration="00:00:00.0003403" startTime="2026-08-03T17:49:51.2577463+00:00" endTime="2026-08-03T17:49:51.2577464+00:00" testType="13cdc9d9-ddb5-4fa4-a97d-d965ccfc6d4b" outcome="Passed" testListId="8c84fa94-04c1-424b-9868-57a2d4851a1d" relativeResultsDirectory="952d5ddd-f7b4-4667-83b0-410383bac531" />
    <UnitTestResult executionId="233b25ac-473d-4bdb-95a8-7f5b9470fa5b" testId="3502e061-f81d-d8fe-3328-cce0a12c38fe" testName="Slopterm.Tests.HybridLogicalClockTests.DoesntInheritABehindPeersCounter" computerName="e48a8263a08a" duration="00:00:00.0011578" startTime="2026-08-03T17:49:51.2483339+00:00" endTime="2026-08-03T17:49:51.2483340+00:00" testType="13cdc9d9-ddb5-4fa4-a97d-d965ccfc6d4b" outcome="Passed" testListId="8c84fa94-04c1-424b-9868-57a2d4851a1d" relativeResultsDirectory="233b25ac-473d-4bdb-95a8-7f5b9470fa5b" />
    <UnitTestResult executionId="35c08752-5c89-4d8d-8bc6-9649d63db3df" testId="1c182ae5-f201-71c5-46a6-ed4c74bfea6d" testName="Slopterm.Tests.CredentialResolverTests.FallsBackToAnyOtherCollectionThisDeviceHolds" computerName="e48a8263a08a" duration="00:00:01.2479854" startTime="2026-08-03T17:49:31.0104609+00:00" endTime="2026-08-03T17:49:31.0104614+00:00" testType="13cdc9d9-ddb5-4fa4-a97d-d965ccfc6d4b" outcome="Passed" testListId="8c84fa94-04c1-424b-9868-57a2d4851a1d" relativeResultsDirectory="35c08752-5c89-4d8d-8bc6-9649d63db3df" />
    <UnitTestResult executionId="4174666c-c01b-4d7d-93c2-428d54aa656d" testId="c7b98515-873e-4c51-15e6-b7d069e96c30" testName="Slopterm.Tests.WebDavIntegrationTests.TheServerOnlyEverHoldsCiphertext" computerName="e48a8263a08a" duration="00:00:00.0010000" startTime="2026-08-03T17:49:51.2073500+00:00" endTime="2026-08-03T17:49:51.2073501+00:00" testType="13cdc9d9-ddb5-4fa4-a97d-d965ccfc6d4b" outcome="NotExecuted" testListId="8c84fa94-04c1-424b-9868-57a2d4851a1d" relativeResultsDirectory="4174666c-c01b-4d7d-93c2-428d54aa656d">
      <Output>
        <ErrorInfo>
          <Message>SLOPTERM_WEBDAV_URL not set</Message>
        </ErrorInfo>
      </Output>
    </UnitTestResult>
    <UnitTestResult executionId="06c60446-14bc-49c0-8ab9-38f29a96f29c" testId="dc3366cd-f140-f2aa-a8b4-dcdc0fcb6960" testName="Slopterm.Tests.VaultSyncServiceTests.NothingReadableLeavesTheDevice" computerName="e48a8263a08a" duration="00:00:01.3451865" startTime="2026-08-03T17:49:51.1795914+00:00" endTime="2026-08-03T17:49:51.1795916+00:00" testType="13cdc9d9-ddb5-4fa4-a97d-d965ccfc6d4b" outcome="Passed" testListId="8c84fa94-04c1-424b-9868-57a2d4851a1d" relativeResultsDirectory="06c60446-14bc-49c0-8ab9-38f29a96f29c" />
    <UnitTestResult executionId="fec09a96-dcd9-4e81-ac16-b225c36d75ea" testId="3638f16d-ec7b-19f3-39c7-c4b79b7f1212" testName="Slopterm.Tests.VaultSyncServiceTests.ASecondPassDoesntRefetchUnchangedRecords" computerName="e48a8263a08a" duration="00:00:01.8473567" startTime="2026-08-03T17:49:36.2982261+00:00" endTime="2026-08-03T17:49:36.2982264+00:00" testType="13cdc9d9-ddb5-4fa4-a97d-d965ccfc6d4b" outcome="Passed" testListId="8c84fa94-04c1-424b-9868-57a2d4851a1d" relativeResultsDirectory="fec09a96-dcd9-4e81-ac16-b225c36d75ea" />
    <UnitTestResult executionId="b145d9c0-1bd6-4386-a563-a50815b17de3" testId="045e6a50-629f-2e28-9672-b26a2baab094" testName="Slopterm.Tests.CredentialResolverTests.PassesInlineCredentialsStraightThrough" computerName="e48a8263a08a" duration="00:00:01.4783964" startTime="2026-08-03T17:49:25.7904604+00:00" endTime="2026-08-03T17:49:25.7904606+00:00" testType="13cdc9d9-ddb5-4fa4-a97d-d965ccfc6d4b" outcome="Passed" testListId="8c84fa94-04c1-424b-9868-57a2d4851a1d" relativeResultsDirectory="b145d9c0-1bd6-4386-a563-a50815b17de3" />
    <UnitTestResult executionId="93a96b3a-5bd9-4a69-a2e0-37af7b4b34bd" testId="96bd3bc6-f493-dcc9-71ea-289a724d3fe0" testName="Slopterm.Tests.CredentialResolverTests.DescribeNeverCarriesTheSecret" computerName="e48a8263a08a" duration="00:00:03.7903011" startTime="2026-08-03T17:49:15.6102065+00:00" endTime="2026-08-03T17:49:15.6103325+00:00" testType="13cdc9d9-ddb5-4fa4-a97d-d965ccfc6d4b" outcome="Passed" testListId="8c84fa94-04c1-424b-9868-57a2d4851a1d" relativeResultsDirectory="93a96b3a-5bd9-4a69-a2e0-37af7b4b34bd" />
    <UnitTestResult executionId="028558cd-ab96-41d4-9f39-8dcd919aafc4" testId="5206b762-cc18-3e6b-af1c-3dc696e6473a" testName="Slopterm.Tests.CollectionShareCodecTests.RefusesAPassphraseWrappedTokenWithoutOrWithTheWrongPassphrase" computerName="e48a8263a08a" duration="00:00:01.9353625" startTime="2026-08-03T17:49:53.2090067+00:00" endTime="2026-08-03T17:49:53.2090069+00:00" testType="13cdc9d9-ddb5-4fa4-a97d-d965ccfc6d4b" outcome="Passed" testListId="8c84fa94-04c1-424b-9868-57a2d4851a1d" relativeResultsDirectory="028558cd-ab96-41d4-9f39-8dcd919aafc4" />
    <UnitTestResult executionId="a99650c8-00ee-40ac-b889-4cc3be72f26e" testId="c366ff22-21b6-eacd-2440-193eee8a9102" testName="Slopterm.Tests.CredentialResolverTests.TheLocalCollectionBeatsTheHostsOwnCollection" computerName="e48a8263a08a" duration="00:00:01.6768216" startTime="2026-08-03T17:49:24.3196756+00:00" endTime="2026-08-03T17:49:24.3196759+00:00" testType="13cdc9d9-ddb5-4fa4-a97d-d965ccfc6d4b" outcome="Passed" testListId="8c84fa94-04c1-424b-9868-57a2d4851a1d" relativeResultsDirectory="a99650c8-00ee-40ac-b889-4cc3be72f26e" />
    <UnitTestResult executionId="11db7262-b69e-470a-8988-78b7f300c72a" testId="e198fe80-7158-dfe3-2784-6c9576c401c3" testName="Slopterm.Tests.CollectionShareCodecTests.CarriesItsFormatInThePrefix" computerName="e48a8263a08a" duration="00:00:00.0044810" startTime="2026-08-03T17:49:53.2091867+00:00" endTime="2026-08-03T17:49:53.2091868+00:00" testType="13cdc9d9-ddb5-4fa4-a97d-d965ccfc6d4b" outcome="Passed" testListId="8c84fa94-04c1-424b-9868-57a2d4851a1d" relativeResultsDirectory="11db7262-b69e-470a-8988-78b7f300c72a" />
    <UnitTestResult executionId="46a0891c-d031-4091-9934-76998f52201c" testId="ed219a79-dfe4-17e2-f88b-1555e253229f" testName="Slopterm.Tests.CollectionShareCodecTests.RoundTripsAWholeSyncConfiguration" computerName="e48a8263a08a" duration="00:00:00.0039083" startTime="2026-08-03T17:49:54.5476263+00:00" endTime="2026-08-03T17:49:54.5476264+00:00" testType="13cdc9d9-ddb5-4fa4-a97d-d965ccfc6d4b" outcome="Passed" testListId="8c84fa94-04c1-424b-9868-57a2d4851a1d" relativeResultsDirectory="46a0891c-d031-4091-9934-76998f52201c" />
    <UnitTestResult executionId="42573b8e-96a2-41ad-ade7-e747e6fda043" testId="77349aaa-1753-779f-55d6-ede529593f51" testName="Slopterm.Tests.CollectionShareCodecTests.RejectsAnythingThatIsntOneOfItsTokens(token: &quot;&quot;)" computerName="e48a8263a08a" duration="00:00:00.0002817" startTime="2026-08-03T17:49:51.2624859+00:00" endTime="2026-08-03T17:49:51.2624860+00:00" testType="13cdc9d9-ddb5-4fa4-a97d-d965ccfc6d4b" outcome="Passed" testListId="8c84fa94-04c1-424b-9868-57a2d4851a1d" relativeResultsDirectory="42573b8e-96a2-41ad-ade7-e747e6fda043" />
    <UnitTestResult executionId="aaeec011-6846-470a-8682-f3b327202f18" testId="e207733b-4e5c-1b59-c14b-c82e9bb1f146" testName="Slopterm.Tests.CredentialResolverTests.IgnoresCredentialKindsThatArentForConnecting" computerName="e48a8263a08a" duration="00:00:01.2443909" startTime="2026-08-03T17:49:29.7613942+00:00" endTime="2026-08-03T17:49:29.7613945+00:00" testType="13cdc9d9-ddb5-4fa4-a97d-d965ccfc6d4b" outcome="Passed" testListId="8c84fa94-04c1-424b-9868-57a2d4851a1d" relativeResultsDirectory="aaeec011-6846-470a-8682-f3b327202f18" />
    <UnitTestResult executionId="eea11f8b-a1d4-479e-b809-bfc8cc9c28c3" testId="d92550b1-0ca2-1c5e-d0ad-b298d5786c0c" testName="Slopterm.Tests.CollectionShareCodecTests.UnwrappedTokensDontClaimToNeedAPassphrase" computerName="e48a8263a08a" duration="00:00:00.0007845" startTime="2026-08-03T17:49:53.2092569+00:00" endTime="2026-08-03T17:49:53.2092570+00:00" testType="13cdc9d9-ddb5-4fa4-a97d-d965ccfc6d4b" outcome="Passed" testListId="8c84fa94-04c1-424b-9868-57a2d4851a1d" relativeResultsDirectory="eea11f8b-a1d4-479e-b809-bfc8cc9c28c3" />
    <UnitTestResult executionId="0ab716c8-c1b4-4a75-8c64-b8d0b45a4764" testId="49bd07ab-c8c8-3778-5ebb-ff4ba300a01f" testName="Slopterm.Tests.CollectionCryptoTests.ADifferentKeyCannotReadTheRecord" computerName="e48a8263a08a" duration="00:00:00.0018314" startTime="2026-08-03T17:49:51.2607366+00:00" endTime="2026-08-03T17:49:51.2607367+00:00" testType="13cdc9d9-ddb5-4fa4-a97d-d965ccfc6d4b" outcome="Passed" testListId="8c84fa94-04c1-424b-9868-57a2d4851a1d" relativeResultsDirectory="0ab716c8-c1b4-4a75-8c64-b8d0b45a4764" />
    <UnitTestResult executionId="c32ca5a8-73bd-4dfc-a960-52a4a22c99b3" testId="34e91c7f-8b58-2310-9fbf-5980191d33cb" testName="Slopterm.Tests.VaultSyncServiceTests.TheLocalCollectionIsNeverListedAsSyncable" computerName="e48a8263a08a" duration="00:00:01.3053814" startTime="2026-08-03T17:49:38.9805053+00:00" endTime="2026-08-03T17:49:38.9805055+00:00" testType="13cdc9d9-ddb5-4fa4-a97d-d965ccfc6d4b" outcome="Passed" testListId="8c84fa94-04c1-424b-9868-57a2d4851a1d" relativeResultsDirectory="c32ca5a8-73bd-4dfc-a960-52a4a22c99b3" />
    <UnitTestResult executionId="e2330271-9f5c-4594-bd0e-a96d4304c2e3" testId="45f2e750-b21c-b90a-09cf-d05d0a4953f0" testName="Slopterm.Tests.VaultSyncServiceTests.LeavingKeepsTheRecordsLocallyByDefault" computerName="e48a8263a08a" duration="00:00:01.4181392" startTime="2026-08-03T17:49:40.3995180+00:00" endTime="2026-08-03T17:49:40.3995181+00:00" testType="13cdc9d9-ddb5-4fa4-a97d-d965ccfc6d4b" outcome="Passed" testListId="8c84fa94-04c1-424b-9868-57a2d4851a1d" relativeResultsDirectory="e2330271-9f5c-4594-bd0e-a96d4304c2e3" />
    <UnitTestResult executionId="a3faa9ee-fc34-4b88-8ccc-4dc69e3ac4c5" testId="21170c22-35bc-f34b-f68d-39e80a76a48e" testName="Slopterm.Tests.HybridLogicalClockTests.ParsesAnythingUnusableAsTheEpoch(value: null)" computerName="e48a8263a08a" duration="00:00:00.0002932" startTime="2026-08-03T17:49:51.2484162+00:00" endTime="2026-08-03T17:49:51.2484162+00:00" testType="13cdc9d9-ddb5-4fa4-a97d-d965ccfc6d4b" outcome="Passed" testListId="8c84fa94-04c1-424b-9868-57a2d4851a1d" relativeResultsDirectory="a3faa9ee-fc34-4b88-8ccc-4dc69e3ac4c5" />
    <UnitTestResult executionId="ea93d0c6-bb1d-410f-ba14-5110baefefac" testId="e5b060c5-66ff-9bf7-42a1-23cec33ce2da" testName="Slopterm.Tests.VaultSyncServiceTests.DoesntSyncAScopeTheCollectionDoesntCarry" computerName="e48a8263a08a" duration="00:00:01.2825703" startTime="2026-08-03T17:49:43.0994800+00:00" endTime="2026-08-03T17:49:43.0994803+00:00" testType="13cdc9d9-ddb5-4fa4-a97d-d965ccfc6d4b" outcome="Passed" testListId="8c84fa94-04c1-424b-9868-57a2d4851a1d" relativeResultsDirectory="ea93d0c6-bb1d-410f-ba14-5110baefefac" />
    <UnitTestResult executionId="46477709-b59a-4eab-902c-3d39afe426e3" testId="80e9bea8-0cd1-e930-6c99-7f1fea9cef6a" testName="Slopterm.Tests.VaultSyncServiceTests.ReportsAReadOnlyShareAsSuchRatherThanAsAGenericFailure" computerName="e48a8263a08a" duration="00:00:01.3329202" startTime="2026-08-03T17:49:48.3755589+00:00" endTime="2026-08-03T17:49:48.3755594+00:00" testType="13cdc9d9-ddb5-4fa4-a97d-d965ccfc6d4b" outcome="Passed" testListId="8c84fa94-04c1-424b-9868-57a2d4851a1d" relativeResultsDirectory="46477709-b59a-4eab-902c-3d39afe426e3" />
    <UnitTestResult executionId="59f04259-1a8f-48f9-8df9-191ed95e1e19" testId="017b9ccd-ff1b-0643-3dd1-e788df54300a" testName="Slopterm.Tests.CollectionShareCodecTests.RejectsAnythingThatIsntOneOfItsTokens(token: &quot;slopterm:collection:v1:!!!!&quot;)" computerName="e48a8263a08a" duration="00:00:00.0005604" startTime="2026-08-03T17:49:51.2621224+00:00" endTime="2026-08-03T17:49:51.2621225+00:00" testType="13cdc9d9-ddb5-4fa4-a97d-d965ccfc6d4b" outcome="Passed" testListId="8c84fa94-04c1-424b-9868-57a2d4851a1d" relativeResultsDirectory="59f04259-1a8f-48f9-8df9-191ed95e1e19" />
    <UnitTestResult executionId="24d1d473-c1d6-490c-a1b3-5b335e93c92c" testId="a1f4fcbc-e816-b8de-1560-7c097c5babe2" testName="Slopterm.Tests.HybridLogicalClockTests.ParsesAnythingUnusableAsTheEpoch(value: &quot;garbage&quot;)" computerName="e48a8263a08a" duration="00:00:00.0003691" startTime="2026-08-03T17:49:51.2484494+00:00" endTime="2026-08-03T17:49:51.2484495+00:00" testType="13cdc9d9-ddb5-4fa4-a97d-d965ccfc6d4b" outcome="Passed" testListId="8c84fa94-04c1-424b-9868-57a2d4851a1d" relativeResultsDirectory="24d1d473-c1d6-490c-a1b3-5b335e93c92c" />
    <UnitTestResult executionId="43cb38b2-3795-4ad3-8ea0-a769f64bc8d9" testId="02390621-47f6-7eae-b639-73bf5ccfbf0d" testName="Slopterm.Tests.WebDavRemoteTests.RoundTripsRecordsThroughEveryVerbTheSyncLoopUses" computerName="e48a8263a08a" duration="00:00:00.0010000" startTime="2026-08-03T17:49:51.2232524+00:00" endTime="2026-08-03T17:49:51.2232526+00:00" testType="13cdc9d9-ddb5-4fa4-a97d-d965ccfc6d4b" outcome="NotExecuted" testListId="8c84fa94-04c1-424b-9868-57a2d4851a1d" relativeResultsDirectory="43cb38b2-3795-4ad3-8ea0-a769f64bc8d9">
      <Output>
        <ErrorInfo>
          <Message>SLOPTERM_WEBDAV_URL not set</Message>
        </ErrorInfo>
      </Output>
    </UnitTestResult>
  </Results>
  <TestDefinitions>
    <UnitTest name="Slopterm.Tests.CollectionShareCodecTests.RoundTripsAWholeSyncConfiguration" storage="/workspace/wt-webdav-sync/tests/bin/debug/net10.0/slopterm.tests.dll" id="ed219a79-dfe4-17e2-f88b-1555e253229f">
      <Execution id="46a0891c-d031-4091-9934-76998f52201c" />
      <TestMethod codeBase="/workspace/wt-webdav-sync/tests/bin/Debug/net10.0/Slopterm.Tests.dll" adapterTypeName="executor://xunit/VsTestRunner2/netcoreapp" className="Slopterm.Tests.CollectionShareCodecTests" name="RoundTripsAWholeSyncConfiguration" />
    </UnitTest>
    <UnitTest name="Slopterm.Tests.CollectionShareCodecTests.RejectsAnythingThatIsntOneOfItsTokens(token: &quot;slopterm:collection:v1:&quot;)" storage="/workspace/wt-webdav-sync/tests/bin/debug/net10.0/slopterm.tests.dll" id="f3280c23-027a-ad8f-0c3d-66466293ec0e">
      <Execution id="b6910d5f-faa0-4c69-8060-510d37b35892" />
      <TestMethod codeBase="/workspace/wt-webdav-sync/tests/bin/Debug/net10.0/Slopterm.Tests.dll" adapterTypeName="executor://xunit/VsTestRunner2/netcoreapp" className="Slopterm.Tests.CollectionShareCodecTests" name="RejectsAnythingThatIsntOneOfItsTokens" />
    </UnitTest>
    <UnitTest name="Slopterm.Tests.HybridLogicalClockTests.DoesntInheritABehindPeersCounter" storage="/workspace/wt-webdav-sync/tests/bin/debug/net10.0/slopterm.tests.dll" id="3502e061-f81d-d8fe-3328-cce0a12c38fe">
      <Execution id="233b25ac-473d-4bdb-95a8-7f5b9470fa5b" />
      <TestMethod codeBase="/workspace/wt-webdav-sync/tests/bin/Debug/net10.0/Slopterm.Tests.dll" adapterTypeName="executor://xunit/VsTestRunner2/netcoreapp" className="Slopterm.Tests.HybridLogicalClockTests" name="DoesntInheritABehindPeersCounter" />
    </UnitTest>
    <UnitTest name="Slopterm.Tests.CollectionCryptoTests.GeneratesADistinctKeyEveryTime" storage="/workspace/wt-webdav-sync/tests/bin/debug/net10.0/slopterm.tests.dll" id="ed7bdbc4-8e0d-b459-05e1-5ea6a55b5e1d">
      <Execution id="11ee0f44-9b8a-469a-9ee1-06eede452725" />
      <TestMethod codeBase="/workspace/wt-webdav-sync/tests/bin/Debug/net10.0/Slopterm.Tests.dll" adapterTypeName="executor://xunit/VsTestRunner2/netcoreapp" className="Slopterm.Tests.CollectionCryptoTests" name="GeneratesADistinctKeyEveryTime" />
    </UnitTest>
    <UnitTest name="Slopterm.Tests.WebDavRemoteTests.RoundTripsRecordsThroughEveryVerbTheSyncLoopUses" storage="/workspace/wt-webdav-sync/tests/bin/debug/net10.0/slopterm.tests.dll" id="02390621-47f6-7eae-b639-73bf5ccfbf0d">
      <Execution id="43cb38b2-3795-4ad3-8ea0-a769f64bc8d9" />
      <TestMethod codeBase="/workspace/wt-webdav-sync/tests/bin/Debug/net10.0/Slopterm.Tests.dll" adapterTypeName="executor://xunit/VsTestRunner2/netcoreapp" className="Slopterm.Tests.WebDavRemoteTests" name="RoundTripsRecordsThroughEveryVerbTheSyncLoopUses" />
    </UnitTest>
    <UnitTest name="Slopterm.Tests.HybridLogicalClockTests.NeverIssuesTheSameValueTwice" storage="/workspace/wt-webdav-sync/tests/bin/debug/net10.0/slopterm.tests.dll" id="444961b3-2c6d-e8bc-d1ef-fa18eda762da">
      <Execution id="026ef2e5-ef27-4cec-abb5-0dba82d23a8d" />
      <TestMethod codeBase="/workspace/wt-webdav-sync/tests/bin/Debug/net10.0/Slopterm.Tests.dll" adapterTypeName="executor://xunit/VsTestRunner2/netcoreapp" className="Slopterm.Tests.HybridLogicalClockTests" name="NeverIssuesTheSameValueTwice" />
    </UnitTest>
    <UnitTest name="Slopterm.Tests.CollectionShareCodecTests.RejectsAnythingThatIsntOneOfItsTokens(token: &quot;slopterm:collection:v1:!!!!&quot;)" storage="/workspace/wt-webdav-sync/tests/bin/debug/net10.0/slopterm.tests.dll" id="017b9ccd-ff1b-0643-3dd1-e788df54300a">
      <Execution id="59f04259-1a8f-48f9-8df9-191ed95e1e19" />
      <TestMethod codeBase="/workspace/wt-webdav-sync/tests/bin/Debug/net10.0/Slopterm.Tests.dll" adapterTypeName="executor://xunit/VsTestRunner2/netcoreapp" className="Slopterm.Tests.CollectionShareCodecTests" name="RejectsAnythingThatIsntOneOfItsTokens" />
    </UnitTest>
    <UnitTest name="Slopterm.Tests.HybridLogicalClockTests.StampsAfterAPeerEvenWhenThisClockIsBehind" storage="/workspace/wt-webdav-sync/tests/bin/debug/net10.0/slopterm.tests.dll" id="060cf423-72e3-14b7-68ce-860f034fbcb7">
      <Execution id="22161b4b-5638-48c5-aa1c-5a448697c260" />
      <TestMethod codeBase="/workspace/wt-webdav-sync/tests/bin/Debug/net10.0/Slopterm.Tests.dll" adapterTypeName="executor://xunit/VsTestRunner2/netcoreapp" className="Slopterm.Tests.HybridLogicalClockTests" name="StampsAfterAPeerEvenWhenThisClockIsBehind" />
    </UnitTest>
    <UnitTest name="Slopterm.Tests.CredentialResolverTests.TheLocalCollectionBeatsTheHostsOwnCollection" storage="/workspace/wt-webdav-sync/tests/bin/debug/net10.0/slopterm.tests.dll" id="c366ff22-21b6-eacd-2440-193eee8a9102">
      <Execution id="a99650c8-00ee-40ac-b889-4cc3be72f26e" />
      <TestMethod codeBase="/workspace/wt-webdav-sync/tests/bin/Debug/net10.0/Slopterm.Tests.dll" adapterTypeName="executor://xunit/VsTestRunner2/netcoreapp" className="Slopterm.Tests.CredentialResolverTests" name="TheLocalCollectionBeatsTheHostsOwnCollection" />
    </UnitTest>
    <UnitTest name="Slopterm.Tests.CollectionShareCodecTests.RoundTripsAnInvite" storage="/workspace/wt-webdav-sync/tests/bin/debug/net10.0/slopterm.tests.dll" id="465822e1-3dfb-b4f9-7a1c-eaadf5be5c10">
      <Execution id="26b1c2cb-c93d-46dd-94d0-00cfaf93fa1d" />
      <TestMethod codeBase="/workspace/wt-webdav-sync/tests/bin/Debug/net10.0/Slopterm.Tests.dll" adapterTypeName="executor://xunit/VsTestRunner2/netcoreapp" className="Slopterm.Tests.CollectionShareCodecTests" name="RoundTripsAnInvite" />
    </UnitTest>
    <UnitTest name="Slopterm.Tests.CollectionShareCodecTests.RejectsAnythingThatIsntOneOfItsTokens(token: &quot;slopterm:host:v1:abc&quot;)" storage="/workspace/wt-webdav-sync/tests/bin/debug/net10.0/slopterm.tests.dll" id="4e16dc8e-dcc7-043a-dff8-4c0f731bc698">
      <Execution id="fd0e0713-82dd-40ff-b4ef-6f39e7a9446c" />
      <TestMethod codeBase="/workspace/wt-webdav-sync/tests/bin/Debug/net10.0/Slopterm.Tests.dll" adapterTypeName="executor://xunit/VsTestRunner2/netcoreapp" className="Slopterm.Tests.CollectionShareCodecTests" name="RejectsAnythingThatIsntOneOfItsTokens" />
    </UnitTest>
    <UnitTest name="Slopterm.Tests.HybridLogicalClockTests.RoundTripsThroughItsSerializedForm" storage="/workspace/wt-webdav-sync/tests/bin/debug/net10.0/slopterm.tests.dll" id="ace97d1e-bb36-4bd8-cb57-74305f304697">
      <Execution id="fa5fa66a-befc-44f3-b12f-942077c13ddb" />
      <TestMethod codeBase="/workspace/wt-webdav-sync/tests/bin/Debug/net10.0/Slopterm.Tests.dll" adapterTypeName="executor://xunit/VsTestRunner2/netcoreapp" className="Slopterm.Tests.HybridLogicalClockTests" name="RoundTripsThroughItsSerializedForm" />
    </UnitTest>
    <UnitTest name="Slopterm.Tests.VaultSyncServiceTests.NothingReadableLeavesTheDevice" storage="/workspace/wt-webdav-sync/tests/bin/debug/net10.0/slopterm.tests.dll" id="dc3366cd-f140-f2aa-a8b4-dcdc0fcb6960">
      <Execution id="06c60446-14bc-49c0-8ab9-38f29a96f29c" />
      <TestMethod codeBase="/workspace/wt-webdav-sync/tests/bin/Debug/net10.0/Slopterm.Tests.dll" adapterTypeName="executor://xunit/VsTestRunner2/netcoreapp" className="Slopterm.Tests.VaultSyncServiceTests" name="NothingReadableLeavesTheDevice" />
    </UnitTest>
    <UnitTest name="Slopterm.Tests.VaultSyncServiceTests.AnEditOnOneDeviceOverwritesTheOlderCopyOnTheOther" storage="/workspace/wt-webdav-sync/tests/bin/debug/net10.0/slopterm.tests.dll" id="9bd2e220-c72e-961a-c9c4-81740a2596fd">
      <Execution id="297a6863-6481-4432-9fc3-cab70740a2a9" />
      <TestMethod codeBase="/workspace/wt-webdav-sync/tests/bin/Debug/net10.0/Slopterm.Tests.dll" adapterTypeName="executor://xunit/VsTestRunner2/netcoreapp" className="Slopterm.Tests.VaultSyncServiceTests" name="AnEditOnOneDeviceOverwritesTheOlderCopyOnTheOther" />
    </UnitTest>
    <UnitTest name="Slopterm.Tests.HybridLogicalClockTests.ParsesAnythingUnusableAsTheEpoch(value: &quot;2026-07-30T12:00:00.123Z&quot;)" storage="/workspace/wt-webdav-sync/tests/bin/debug/net10.0/slopterm.tests.dll" id="7395c2d5-dbf5-675f-dcc3-5b1269890c18">
      <Execution id="87cec97a-6f86-4fa3-a7d0-77637c445c95" />
      <TestMethod codeBase="/workspace/wt-webdav-sync/tests/bin/Debug/net10.0/Slopterm.Tests.dll" adapterTypeName="executor://xunit/VsTestRunner2/netcoreapp" className="Slopterm.Tests.HybridLogicalClockTests" name="ParsesAnythingUnusableAsTheEpoch" />
    </UnitTest>
    <UnitTest name="Slopterm.Tests.CredentialResolverTests.ReportsNoKeyOnThisDeviceRatherThanConnectingWithSomethingElse" storage="/workspace/wt-webdav-sync/tests/bin/debug/net10.0/slopterm.tests.dll" id="42eef3d6-1a1b-bc2c-2bb9-eed7f9a6da87">
      <Execution id="62b97239-cc73-47a4-aeb9-5ad5151262f3" />
      <TestMethod codeBase="/workspace/wt-webdav-sync/tests/bin/Debug/net10.0/Slopterm.Tests.dll" adapterTypeName="executor://xunit/VsTestRunner2/netcoreapp" className="Slopterm.Tests.CredentialResolverTests" name="ReportsNoKeyOnThisDeviceRatherThanConnectingWithSomethingElse" />
    </UnitTest>
    <UnitTest name="Slopterm.Tests.HybridLogicalClockTests.ParsesAnythingUnusableAsTheEpoch(value: &quot;garbage&quot;)" storage="/workspace/wt-webdav-sync/tests/bin/debug/net10.0/slopterm.tests.dll" id="a1f4fcbc-e816-b8de-1560-7c097c5babe2">
      <Execution id="24d1d473-c1d6-490c-a1b3-5b335e93c92c" />
      <TestMethod codeBase="/workspace/wt-webdav-sync/tests/bin/Debug/net10.0/Slopterm.Tests.dll" adapterTypeName="executor://xunit/VsTestRunner2/netcoreapp" className="Slopterm.Tests.HybridLogicalClockTests" name="ParsesAnythingUnusableAsTheEpoch" />
    </UnitTest>
    <UnitTest name="Slopterm.Tests.CollectionShareCodecTests.RejectsAnythingThatIsntOneOfItsTokens(token: &quot;hello&quot;)" storage="/workspace/wt-webdav-sync/tests/bin/debug/net10.0/slopterm.tests.dll" id="50a79d9a-729d-94c5-3c94-9cda87bc27c6">
      <Execution id="7574aea9-0693-4f3b-b396-f9e7c2f43782" />
      <TestMethod codeBase="/workspace/wt-webdav-sync/tests/bin/Debug/net10.0/Slopterm.Tests.dll" adapterTypeName="executor://xunit/VsTestRunner2/netcoreapp" className="Slopterm.Tests.CollectionShareCodecTests" name="RejectsAnythingThatIsntOneOfItsTokens" />
    </UnitTest>
    <UnitTest name="Slopterm.Tests.VaultSyncServiceTests.TheLocalCollectionIsNeverListedAsSyncable" storage="/workspace/wt-webdav-sync/tests/bin/debug/net10.0/slopterm.tests.dll" id="34e91c7f-8b58-2310-9fbf-5980191d33cb">
      <Execution id="c32ca5a8-73bd-4dfc-a960-52a4a22c99b3" />
      <TestMethod codeBase="/workspace/wt-webdav-sync/tests/bin/Debug/net10.0/Slopterm.Tests.dll" adapterTypeName="executor://xunit/VsTestRunner2/netcoreapp" className="Slopterm.Tests.VaultSyncServiceTests" name="TheLocalCollectionIsNeverListedAsSyncable" />
    </UnitTest>
    <UnitTest name="Slopterm.Tests.VaultSyncServiceTests.DevicesCanUseTheirOwnWebDavAccounts" storage="/workspace/wt-webdav-sync/tests/bin/debug/net10.0/slopterm.tests.dll" id="8d8dc28c-9c06-eab3-d1c9-135b98593f8f">
      <Execution id="8e732b2f-0a96-45b1-b863-8ccc8b92c181" />
      <TestMethod codeBase="/workspace/wt-webdav-sync/tests/bin/Debug/net10.0/Slopterm.Tests.dll" adapterTypeName="executor://xunit/VsTestRunner2/netcoreapp" className="Slopterm.Tests.VaultSyncServiceTests" name="DevicesCanUseTheirOwnWebDavAccounts" />
    </UnitTest>
    <UnitTest name="Slopterm.Tests.VaultSyncServiceTests.ASecondPassDoesntRefetchUnchangedRecords" storage="/workspace/wt-webdav-sync/tests/bin/debug/net10.0/slopterm.tests.dll" id="3638f16d-ec7b-19f3-39c7-c4b79b7f1212">
      <Execution id="fec09a96-dcd9-4e81-ac16-b225c36d75ea" />
      <TestMethod codeBase="/workspace/wt-webdav-sync/tests/bin/Debug/net10.0/Slopterm.Tests.dll" adapterTypeName="executor://xunit/VsTestRunner2/netcoreapp" className="Slopterm.Tests.VaultSyncServiceTests" name="ASecondPassDoesntRefetchUnchangedRecords" />
    </UnitTest>
    <UnitTest name="Slopterm.Tests.CollectionShareCodecTests.UnwrappedTokensDontClaimToNeedAPassphrase" storage="/workspace/wt-webdav-sync/tests/bin/debug/net10.0/slopterm.tests.dll" id="d92550b1-0ca2-1c5e-d0ad-b298d5786c0c">
      <Execution id="eea11f8b-a1d4-479e-b809-bfc8cc9c28c3" />
      <TestMethod codeBase="/workspace/wt-webdav-sync/tests/bin/Debug/net10.0/Slopterm.Tests.dll" adapterTypeName="executor://xunit/VsTestRunner2/netcoreapp" className="Slopterm.Tests.CollectionShareCodecTests" name="UnwrappedTokensDontClaimToNeedAPassphrase" />
    </UnitTest>
    <UnitTest name="Slopterm.Tests.WebDavIntegrationTests.ConcurrentEditsKeepBothSidesThroughARealServer" storage="/workspace/wt-webdav-sync/tests/bin/debug/net10.0/slopterm.tests.dll" id="ffa15a08-53f5-f4ed-b590-9cc41b2148ac">
      <Execution id="8e7cbb2d-f154-4560-b186-f84c24c1f96a" />
      <TestMethod codeBase="/workspace/wt-webdav-sync/tests/bin/Debug/net10.0/Slopterm.Tests.dll" adapterTypeName="executor://xunit/VsTestRunner2/netcoreapp" className="Slopterm.Tests.WebDavIntegrationTests" name="ConcurrentEditsKeepBothSidesThroughARealServer" />
    </UnitTest>
    <UnitTest name="Slopterm.Tests.VaultSyncServiceTests.ARecordSavedOnOneDeviceReachesTheOther" storage="/workspace/wt-webdav-sync/tests/bin/debug/net10.0/slopterm.tests.dll" id="baa5793b-4d8d-4949-34e9-a10290558d9c">
      <Execution id="e722d717-3dc4-406c-873b-11b54d0a4a34" />
      <TestMethod codeBase="/workspace/wt-webdav-sync/tests/bin/Debug/net10.0/Slopterm.Tests.dll" adapterTypeName="executor://xunit/VsTestRunner2/netcoreapp" className="Slopterm.Tests.VaultSyncServiceTests" name="ARecordSavedOnOneDeviceReachesTheOther" />
    </UnitTest>
    <UnitTest name="Slopterm.Tests.CredentialResolverTests.FallsBackToAnyOtherCollectionThisDeviceHolds" storage="/workspace/wt-webdav-sync/tests/bin/debug/net10.0/slopterm.tests.dll" id="1c182ae5-f201-71c5-46a6-ed4c74bfea6d">
      <Execution id="35c08752-5c89-4d8d-8bc6-9649d63db3df" />
      <TestMethod codeBase="/workspace/wt-webdav-sync/tests/bin/Debug/net10.0/Slopterm.Tests.dll" adapterTypeName="executor://xunit/VsTestRunner2/netcoreapp" className="Slopterm.Tests.CredentialResolverTests" name="FallsBackToAnyOtherCollectionThisDeviceHolds" />
    </UnitTest>
    <UnitTest name="Slopterm.Tests.CollectionCryptoTests.GeneratesADistinctCollectionIdEveryTime" storage="/workspace/wt-webdav-sync/tests/bin/debug/net10.0/slopterm.tests.dll" id="5df95f92-d822-2ac4-88f5-db2748997ad7">
      <Execution id="7c3aa044-fb67-4e46-9c9c-52b890650808" />
      <TestMethod codeBase="/workspace/wt-webdav-sync/tests/bin/Debug/net10.0/Slopterm.Tests.dll" adapterTypeName="executor://xunit/VsTestRunner2/netcoreapp" className="Slopterm.Tests.CollectionCryptoTests" name="GeneratesADistinctCollectionIdEveryTime" />
    </UnitTest>
    <UnitTest name="Slopterm.Tests.CollectionShareCodecTests.RoundTripsAPassphraseWrappedToken" storage="/workspace/wt-webdav-sync/tests/bin/debug/net10.0/slopterm.tests.dll" id="d2bc2e0b-f0b1-50b0-b03d-d0f5cf78c923">
      <Execution id="6afa4063-51db-4cd6-896b-4bd3d9eb125c" />
      <TestMethod codeBase="/workspace/wt-webdav-sync/tests/bin/Debug/net10.0/Slopterm.Tests.dll" adapterTypeName="executor://xunit/VsTestRunner2/netcoreapp" className="Slopterm.Tests.CollectionShareCodecTests" name="RoundTripsAPassphraseWrappedToken" />
    </UnitTest>
    <UnitTest name="Slopterm.Tests.WebDavRemoteTests.RejectsAUrlThatIsntHttp" storage="/workspace/wt-webdav-sync/tests/bin/debug/net10.0/slopterm.tests.dll" id="8f88247e-66be-e104-f96e-bdc2018f97ab">
      <Execution id="415d19c1-f29c-495c-ad4c-7e858b76be69" />
      <TestMethod codeBase="/workspace/wt-webdav-sync/tests/bin/Debug/net10.0/Slopterm.Tests.dll" adapterTypeName="executor://xunit/VsTestRunner2/netcoreapp" className="Slopterm.Tests.WebDavRemoteTests" name="RejectsAUrlThatIsntHttp" />
    </UnitTest>
    <UnitTest name="Slopterm.Tests.CredentialResolverTests.SkipsAnUnresolvableCredentialForOneThatWorks" storage="/workspace/wt-webdav-sync/tests/bin/debug/net10.0/slopterm.tests.dll" id="8c3e9572-a4e0-399c-9fe0-0f0550b315b9">
      <Execution id="1c83264d-5d5a-44f7-ab96-9671271ee4a6" />
      <TestMethod codeBase="/workspace/wt-webdav-sync/tests/bin/Debug/net10.0/Slopterm.Tests.dll" adapterTypeName="executor://xunit/VsTestRunner2/netcoreapp" className="Slopterm.Tests.CredentialResolverTests" name="SkipsAnUnresolvableCredentialForOneThatWorks" />
    </UnitTest>
    <UnitTest name="Slopterm.Tests.HybridLogicalClockTests.ParsesAnythingUnusableAsTheEpoch(value: &quot;&quot;)" storage="/workspace/wt-webdav-sync/tests/bin/debug/net10.0/slopterm.tests.dll" id="96324546-0b4c-657a-38bf-87cae044038f">
      <Execution id="a0cf3c36-a49f-44ed-b17a-26cf39253938" />
      <TestMethod codeBase="/workspace/wt-webdav-sync/tests/bin/Debug/net10.0/Slopterm.Tests.dll" adapterTypeName="executor://xunit/VsTestRunner2/netcoreapp" className="Slopterm.Tests.HybridLogicalClockTests" name="ParsesAnythingUnusableAsTheEpoch" />
    </UnitTest>
    <UnitTest name="Slopterm.Tests.WebDavIntegrationTests.TheServerOnlyEverHoldsCiphertext" storage="/workspace/wt-webdav-sync/tests/bin/debug/net10.0/slopterm.tests.dll" id="c7b98515-873e-4c51-15e6-b7d069e96c30">
      <Execution id="4174666c-c01b-4d7d-93c2-428d54aa656d" />
      <TestMethod codeBase="/workspace/wt-webdav-sync/tests/bin/Debug/net10.0/Slopterm.Tests.dll" adapterTypeName="executor://xunit/VsTestRunner2/netcoreapp" className="Slopterm.Tests.WebDavIntegrationTests" name="TheServerOnlyEverHoldsCiphertext" />
    </UnitTest>
    <UnitTest name="Slopterm.Tests.CollectionShareCodecTests.CarriesItsFormatInThePrefix" storage="/workspace/wt-webdav-sync/tests/bin/debug/net10.0/slopterm.tests.dll" id="e198fe80-7158-dfe3-2784-6c9576c401c3">
      <Execution id="11db7262-b69e-470a-8988-78b7f300c72a" />
      <TestMethod codeBase="/workspace/wt-webdav-sync/tests/bin/Debug/net10.0/Slopterm.Tests.dll" adapterTypeName="executor://xunit/VsTestRunner2/netcoreapp" className="Slopterm.Tests.CollectionShareCodecTests" name="CarriesItsFormatInThePrefix" />
    </UnitTest>
    <UnitTest name="Slopterm.Tests.CollectionShareCodecTests.RefusesAPassphraseWrappedTokenWithoutOrWithTheWrongPassphrase" storage="/workspace/wt-webdav-sync/tests/bin/debug/net10.0/slopterm.tests.dll" id="5206b762-cc18-3e6b-af1c-3dc696e6473a">
      <Execution id="028558cd-ab96-41d4-9f39-8dcd919aafc4" />
      <TestMethod codeBase="/workspace/wt-webdav-sync/tests/bin/Debug/net10.0/Slopterm.Tests.dll" adapterTypeName="executor://xunit/VsTestRunner2/netcoreapp" className="Slopterm.Tests.CollectionShareCodecTests" name="RefusesAPassphraseWrappedTokenWithoutOrWithTheWrongPassphrase" />
    </UnitTest>
    <UnitTest name="Slopterm.Tests.WebDavRemoteTests.ReportsPreconditionFailuresRatherThanThrowing" storage="/workspace/wt-webdav-sync/tests/bin/debug/net10.0/slopterm.tests.dll" id="eacf0f88-eeb6-33b8-0e5b-d752d937e9a4">
      <Execution id="81f5c772-102f-499e-afcd-1c8da5b13cbe" />
      <TestMethod codeBase="/workspace/wt-webdav-sync/tests/bin/Debug/net10.0/Slopterm.Tests.dll" adapterTypeName="executor://xunit/VsTestRunner2/netcoreapp" className="Slopterm.Tests.WebDavRemoteTests" name="ReportsPreconditionFailuresRatherThanThrowing" />
    </UnitTest>
    <UnitTest name="Slopterm.Tests.CredentialResolverTests.MatchesNamesCaseInsensitively" storage="/workspace/wt-webdav-sync/tests/bin/debug/net10.0/slopterm.tests.dll" id="889dff0c-cda9-e59a-b47f-c5ea36b2b1ce">
      <Execution id="afad955d-5c68-4ed1-baf7-03f77c977f0a" />
      <TestMethod codeBase="/workspace/wt-webdav-sync/tests/bin/Debug/net10.0/Slopterm.Tests.dll" adapterTypeName="executor://xunit/VsTestRunner2/netcoreapp" className="Slopterm.Tests.CredentialResolverTests" name="MatchesNamesCaseInsensitively" />
    </UnitTest>
    <UnitTest name="Slopterm.Tests.CollectionCryptoTests.RoundTripsARecordUnderTheCollectionKey" storage="/workspace/wt-webdav-sync/tests/bin/debug/net10.0/slopterm.tests.dll" id="0a4e1810-0bf7-19b5-6dfd-536b16e6da89">
      <Execution id="98e3d802-f42a-4df4-96fe-a86d235587a4" />
      <TestMethod codeBase="/workspace/wt-webdav-sync/tests/bin/Debug/net10.0/Slopterm.Tests.dll" adapterTypeName="executor://xunit/VsTestRunner2/netcoreapp" className="Slopterm.Tests.CollectionCryptoTests" name="RoundTripsARecordUnderTheCollectionKey" />
    </UnitTest>
    <UnitTest name="Slopterm.Tests.VaultSyncServiceTests.BothSidesEditingKeepsTheLoserAsAConflictCopy" storage="/workspace/wt-webdav-sync/tests/bin/debug/net10.0/slopterm.tests.dll" id="73304184-e608-ecdd-9533-712d61466eb6">
      <Execution id="a99ad5a5-1713-4654-972a-f84a86829562" />
      <TestMethod codeBase="/workspace/wt-webdav-sync/tests/bin/Debug/net10.0/Slopterm.Tests.dll" adapterTypeName="executor://xunit/VsTestRunner2/netcoreapp" className="Slopterm.Tests.VaultSyncServiceTests" name="BothSidesEditingKeepsTheLoserAsAConflictCopy" />
    </UnitTest>
    <UnitTest name="Slopterm.Tests.HybridLogicalClockTests.ParsesAnythingUnusableAsTheEpoch(value: null)" storage="/workspace/wt-webdav-sync/tests/bin/debug/net10.0/slopterm.tests.dll" id="21170c22-35bc-f34b-f68d-39e80a76a48e">
      <Execution id="a3faa9ee-fc34-4b88-8ccc-4dc69e3ac4c5" />
      <TestMethod codeBase="/workspace/wt-webdav-sync/tests/bin/Debug/net10.0/Slopterm.Tests.dll" adapterTypeName="executor://xunit/VsTestRunner2/netcoreapp" className="Slopterm.Tests.HybridLogicalClockTests" name="ParsesAnythingUnusableAsTheEpoch" />
    </UnitTest>
    <UnitTest name="Slopterm.Tests.CredentialResolverTests.TheSameNameResolvesToADifferentLocalKeyOnEachDevice" storage="/workspace/wt-webdav-sync/tests/bin/debug/net10.0/slopterm.tests.dll" id="9bc58c4f-cbc4-efed-8f90-e6abb762f55f">
      <Execution id="734ac00b-d5fd-4e66-b20e-3222ff200b9f" />
      <TestMethod codeBase="/workspace/wt-webdav-sync/tests/bin/Debug/net10.0/Slopterm.Tests.dll" adapterTypeName="executor://xunit/VsTestRunner2/netcoreapp" className="Slopterm.Tests.CredentialResolverTests" name="TheSameNameResolvesToADifferentLocalKeyOnEachDevice" />
    </UnitTest>
    <UnitTest name="Slopterm.Tests.WebDavIntegrationTests.TwoDevicesConvergeThroughARealServer" storage="/workspace/wt-webdav-sync/tests/bin/debug/net10.0/slopterm.tests.dll" id="27b0f2a2-b48b-3ccb-d1da-68ddd4669ec1">
      <Execution id="ce650160-5ade-446d-baf2-841e6960d16e" />
      <TestMethod codeBase="/workspace/wt-webdav-sync/tests/bin/Debug/net10.0/Slopterm.Tests.dll" adapterTypeName="executor://xunit/VsTestRunner2/netcoreapp" className="Slopterm.Tests.WebDavIntegrationTests" name="TwoDevicesConvergeThroughARealServer" />
    </UnitTest>
    <UnitTest name="Slopterm.Tests.CredentialResolverTests.IgnoresCredentialKindsThatArentForConnecting" storage="/workspace/wt-webdav-sync/tests/bin/debug/net10.0/slopterm.tests.dll" id="e207733b-4e5c-1b59-c14b-c82e9bb1f146">
      <Execution id="aaeec011-6846-470a-8682-f3b327202f18" />
      <TestMethod codeBase="/workspace/wt-webdav-sync/tests/bin/Debug/net10.0/Slopterm.Tests.dll" adapterTypeName="executor://xunit/VsTestRunner2/netcoreapp" className="Slopterm.Tests.CredentialResolverTests" name="IgnoresCredentialKindsThatArentForConnecting" />
    </UnitTest>
    <UnitTest name="Slopterm.Tests.CollectionCryptoTests.EncryptingTwiceNeverProducesTheSameBytes" storage="/workspace/wt-webdav-sync/tests/bin/debug/net10.0/slopterm.tests.dll" id="0e82ef00-9678-0855-062e-421292b832a9">
      <Execution id="82f4303d-0202-478f-ab1f-b842d4117a7b" />
      <TestMethod codeBase="/workspace/wt-webdav-sync/tests/bin/Debug/net10.0/Slopterm.Tests.dll" adapterTypeName="executor://xunit/VsTestRunner2/netcoreapp" className="Slopterm.Tests.CollectionCryptoTests" name="EncryptingTwiceNeverProducesTheSameBytes" />
    </UnitTest>
    <UnitTest name="Slopterm.Tests.CollectionCryptoTests.KeyFingerprintIsStableDistinctAndReadable" storage="/workspace/wt-webdav-sync/tests/bin/debug/net10.0/slopterm.tests.dll" id="dee05ed0-16b7-2bf7-c3d9-eef784c5f1d8">
      <Execution id="952d5ddd-f7b4-4667-83b0-410383bac531" />
      <TestMethod codeBase="/workspace/wt-webdav-sync/tests/bin/Debug/net10.0/Slopterm.Tests.dll" adapterTypeName="executor://xunit/VsTestRunner2/netcoreapp" className="Slopterm.Tests.CollectionCryptoTests" name="KeyFingerprintIsStableDistinctAndReadable" />
    </UnitTest>
    <UnitTest name="Slopterm.Tests.CredentialResolverTests.FallsBackToTheHostsOwnCollection" storage="/workspace/wt-webdav-sync/tests/bin/debug/net10.0/slopterm.tests.dll" id="430204c9-0521-a730-6d2e-f3540ef7fdc4">
      <Execution id="32556076-6f06-42ea-85ec-395a81054c01" />
      <TestMethod codeBase="/workspace/wt-webdav-sync/tests/bin/Debug/net10.0/Slopterm.Tests.dll" adapterTypeName="executor://xunit/VsTestRunner2/netcoreapp" className="Slopterm.Tests.CredentialResolverTests" name="FallsBackToTheHostsOwnCollection" />
    </UnitTest>
    <UnitTest name="Slopterm.Tests.HybridLogicalClockTests.OrdersByPhysicalThenCounterThenNode" storage="/workspace/wt-webdav-sync/tests/bin/debug/net10.0/slopterm.tests.dll" id="6849cfb4-3363-071d-8910-aa2cbb6a33f2">
      <Execution id="f68c796f-9f07-4742-94f3-c878e431dcf6" />
      <TestMethod codeBase="/workspace/wt-webdav-sync/tests/bin/Debug/net10.0/Slopterm.Tests.dll" adapterTypeName="executor://xunit/VsTestRunner2/netcoreapp" className="Slopterm.Tests.HybridLogicalClockTests" name="OrdersByPhysicalThenCounterThenNode" />
    </UnitTest>
    <UnitTest name="Slopterm.Tests.VaultSyncServiceTests.LeavingKeepsTheRecordsLocallyByDefault" storage="/workspace/wt-webdav-sync/tests/bin/debug/net10.0/slopterm.tests.dll" id="45f2e750-b21c-b90a-09cf-d05d0a4953f0">
      <Execution id="e2330271-9f5c-4594-bd0e-a96d4304c2e3" />
      <TestMethod codeBase="/workspace/wt-webdav-sync/tests/bin/Debug/net10.0/Slopterm.Tests.dll" adapterTypeName="executor://xunit/VsTestRunner2/netcoreapp" className="Slopterm.Tests.VaultSyncServiceTests" name="LeavingKeepsTheRecordsLocallyByDefault" />
    </UnitTest>
    <UnitTest name="Slopterm.Tests.CollectionCryptoTests.ADifferentKeyCannotReadTheRecord" storage="/workspace/wt-webdav-sync/tests/bin/debug/net10.0/slopterm.tests.dll" id="49bd07ab-c8c8-3778-5ebb-ff4ba300a01f">
      <Execution id="0ab716c8-c1b4-4a75-8c64-b8d0b45a4764" />
      <TestMethod codeBase="/workspace/wt-webdav-sync/tests/bin/Debug/net10.0/Slopterm.Tests.dll" adapterTypeName="executor://xunit/VsTestRunner2/netcoreapp" className="Slopterm.Tests.CollectionCryptoTests" name="ADifferentKeyCannotReadTheRecord" />
    </UnitTest>
    <UnitTest name="Slopterm.Tests.VaultSyncServiceTests.AnEditAfterADeleteWinsOverTheTombstone" storage="/workspace/wt-webdav-sync/tests/bin/debug/net10.0/slopterm.tests.dll" id="04bfe952-fb94-f9d3-6611-10bdb76d4645">
      <Execution id="952aa413-0046-4d92-a7e8-34f1fbe9094c" />
      <TestMethod codeBase="/workspace/wt-webdav-sync/tests/bin/Debug/net10.0/Slopterm.Tests.dll" adapterTypeName="executor://xunit/VsTestRunner2/netcoreapp" className="Slopterm.Tests.VaultSyncServiceTests" name="AnEditAfterADeleteWinsOverTheTombstone" />
    </UnitTest>
    <UnitTest name="Slopterm.Tests.VaultSyncServiceTests.ReportsAReadOnlyShareAsSuchRatherThanAsAGenericFailure" storage="/workspace/wt-webdav-sync/tests/bin/debug/net10.0/slopterm.tests.dll" id="80e9bea8-0cd1-e930-6c99-7f1fea9cef6a">
      <Execution id="46477709-b59a-4eab-902c-3d39afe426e3" />
      <TestMethod codeBase="/workspace/wt-webdav-sync/tests/bin/Debug/net10.0/Slopterm.Tests.dll" adapterTypeName="executor://xunit/VsTestRunner2/netcoreapp" className="Slopterm.Tests.VaultSyncServiceTests" name="ReportsAReadOnlyShareAsSuchRatherThanAsAGenericFailure" />
    </UnitTest>
    <UnitTest name="Slopterm.Tests.CredentialResolverTests.PassesInlineCredentialsStraightThrough" storage="/workspace/wt-webdav-sync/tests/bin/debug/net10.0/slopterm.tests.dll" id="045e6a50-629f-2e28-9672-b26a2baab094">
      <Execution id="b145d9c0-1bd6-4386-a563-a50815b17de3" />
      <TestMethod codeBase="/workspace/wt-webdav-sync/tests/bin/Debug/net10.0/Slopterm.Tests.dll" adapterTypeName="executor://xunit/VsTestRunner2/netcoreapp" className="Slopterm.Tests.CredentialResolverTests" name="PassesInlineCredentialsStraightThrough" />
    </UnitTest>
    <UnitTest name="Slopterm.Tests.CollectionShareCodecTests.RejectsAnythingThatIsntOneOfItsTokens(token: &quot;&quot;)" storage="/workspace/wt-webdav-sync/tests/bin/debug/net10.0/slopterm.tests.dll" id="77349aaa-1753-779f-55d6-ede529593f51">
      <Execution id="42573b8e-96a2-41ad-ade7-e747e6fda043" />
      <TestMethod codeBase="/workspace/wt-webdav-sync/tests/bin/Debug/net10.0/Slopterm.Tests.dll" adapterTypeName="executor://xunit/VsTestRunner2/netcoreapp" className="Slopterm.Tests.CollectionShareCodecTests" name="RejectsAnythingThatIsntOneOfItsTokens" />
    </UnitTest>
    <UnitTest name="Slopterm.Tests.CredentialResolverTests.DescribeNeverCarriesTheSecret" storage="/workspace/wt-webdav-sync/tests/bin/debug/net10.0/slopterm.tests.dll" id="96bd3bc6-f493-dcc9-71ea-289a724d3fe0">
      <Execution id="93a96b3a-5bd9-4a69-a2e0-37af7b4b34bd" />
      <TestMethod codeBase="/workspace/wt-webdav-sync/tests/bin/Debug/net10.0/Slopterm.Tests.dll" adapterTypeName="executor://xunit/VsTestRunner2/netcoreapp" className="Slopterm.Tests.CredentialResolverTests" name="DescribeNeverCarriesTheSecret" />
    </UnitTest>
    <UnitTest name="Slopterm.Tests.VaultSyncServiceTests.RetriesAWriteThatLostAPreconditionRace" storage="/workspace/wt-webdav-sync/tests/bin/debug/net10.0/slopterm.tests.dll" id="a373e96e-b62c-eb77-19ec-ac8fabf309f6">
      <Execution id="eb0ea757-f971-4027-b1f4-2050baf5938c" />
      <TestMethod codeBase="/workspace/wt-webdav-sync/tests/bin/Debug/net10.0/Slopterm.Tests.dll" adapterTypeName="executor://xunit/VsTestRunner2/netcoreapp" className="Slopterm.Tests.VaultSyncServiceTests" name="RetriesAWriteThatLostAPreconditionRace" />
    </UnitTest>
    <UnitTest name="Slopterm.Tests.VaultSyncServiceTests.DoesntSyncAScopeTheCollectionDoesntCarry" storage="/workspace/wt-webdav-sync/tests/bin/debug/net10.0/slopterm.tests.dll" id="e5b060c5-66ff-9bf7-42a1-23cec33ce2da">
      <Execution id="ea93d0c6-bb1d-410f-ba14-5110baefefac" />
      <TestMethod codeBase="/workspace/wt-webdav-sync/tests/bin/Debug/net10.0/Slopterm.Tests.dll" adapterTypeName="executor://xunit/VsTestRunner2/netcoreapp" className="Slopterm.Tests.VaultSyncServiceTests" name="DoesntSyncAScopeTheCollectionDoesntCarry" />
    </UnitTest>
    <UnitTest name="Slopterm.Tests.VaultSyncServiceTests.ATieBetweenTwoDevicesResolvesTheSameWayOnBoth" storage="/workspace/wt-webdav-sync/tests/bin/debug/net10.0/slopterm.tests.dll" id="1169cd94-c0e7-0844-b786-b04448fa3759">
      <Execution id="604625ae-5f7b-4675-a6ec-54cee17ee635" />
      <TestMethod codeBase="/workspace/wt-webdav-sync/tests/bin/Debug/net10.0/Slopterm.Tests.dll" adapterTypeName="executor://xunit/VsTestRunner2/netcoreapp" className="Slopterm.Tests.VaultSyncServiceTests" name="ATieBetweenTwoDevicesResolvesTheSameWayOnBoth" />
    </UnitTest>
    <UnitTest name="Slopterm.Tests.VaultSyncServiceTests.ADeleteOnOneDevicePropagatesAndStaysDeleted" storage="/workspace/wt-webdav-sync/tests/bin/debug/net10.0/slopterm.tests.dll" id="7e62a782-392b-a478-cebd-8214101a20c5">
      <Execution id="1236f2e2-4a79-494b-8d2b-96c38d3e2f74" />
      <TestMethod codeBase="/workspace/wt-webdav-sync/tests/bin/Debug/net10.0/Slopterm.Tests.dll" adapterTypeName="executor://xunit/VsTestRunner2/netcoreapp" className="Slopterm.Tests.VaultSyncServiceTests" name="ADeleteOnOneDevicePropagatesAndStaysDeleted" />
    </UnitTest>
  </TestDefinitions>
  <TestEntries>
    <TestEntry testId="5df95f92-d822-2ac4-88f5-db2748997ad7" executionId="7c3aa044-fb67-4e46-9c9c-52b890650808" testListId="8c84fa94-04c1-424b-9868-57a2d4851a1d" />
    <TestEntry testId="6849cfb4-3363-071d-8910-aa2cbb6a33f2" executionId="f68c796f-9f07-4742-94f3-c878e431dcf6" testListId="8c84fa94-04c1-424b-9868-57a2d4851a1d" />
    <TestEntry testId="27b0f2a2-b48b-3ccb-d1da-68ddd4669ec1" executionId="ce650160-5ade-446d-baf2-841e6960d16e" testListId="8c84fa94-04c1-424b-9868-57a2d4851a1d" />
    <TestEntry testId="060cf423-72e3-14b7-68ce-860f034fbcb7" executionId="22161b4b-5638-48c5-aa1c-5a448697c260" testListId="8c84fa94-04c1-424b-9868-57a2d4851a1d" />
    <TestEntry testId="04bfe952-fb94-f9d3-6611-10bdb76d4645" executionId="952aa413-0046-4d92-a7e8-34f1fbe9094c" testListId="8c84fa94-04c1-424b-9868-57a2d4851a1d" />
    <TestEntry testId="444961b3-2c6d-e8bc-d1ef-fa18eda762da" executionId="026ef2e5-ef27-4cec-abb5-0dba82d23a8d" testListId="8c84fa94-04c1-424b-9868-57a2d4851a1d" />
    <TestEntry testId="eacf0f88-eeb6-33b8-0e5b-d752d937e9a4" executionId="81f5c772-102f-499e-afcd-1c8da5b13cbe" testListId="8c84fa94-04c1-424b-9868-57a2d4851a1d" />
    <TestEntry testId="889dff0c-cda9-e59a-b47f-c5ea36b2b1ce" executionId="afad955d-5c68-4ed1-baf7-03f77c977f0a" testListId="8c84fa94-04c1-424b-9868-57a2d4851a1d" />
    <TestEntry testId="9bc58c4f-cbc4-efed-8f90-e6abb762f55f" executionId="734ac00b-d5fd-4e66-b20e-3222ff200b9f" testListId="8c84fa94-04c1-424b-9868-57a2d4851a1d" />
    <TestEntry testId="ffa15a08-53f5-f4ed-b590-9cc41b2148ac" executionId="8e7cbb2d-f154-4560-b186-f84c24c1f96a" testListId="8c84fa94-04c1-424b-9868-57a2d4851a1d" />
    <TestEntry testId="0e82ef00-9678-0855-062e-421292b832a9" executionId="82f4303d-0202-478f-ab1f-b842d4117a7b" testListId="8c84fa94-04c1-424b-9868-57a2d4851a1d" />
    <TestEntry testId="8f88247e-66be-e104-f96e-bdc2018f97ab" executionId="415d19c1-f29c-495c-ad4c-7e858b76be69" testListId="8c84fa94-04c1-424b-9868-57a2d4851a1d" />
    <TestEntry testId="7395c2d5-dbf5-675f-dcc3-5b1269890c18" executionId="87cec97a-6f86-4fa3-a7d0-77637c445c95" testListId="8c84fa94-04c1-424b-9868-57a2d4851a1d" />
    <TestEntry testId="ed7bdbc4-8e0d-b459-05e1-5ea6a55b5e1d" executionId="11ee0f44-9b8a-469a-9ee1-06eede452725" testListId="8c84fa94-04c1-424b-9868-57a2d4851a1d" />
    <TestEntry testId="8d8dc28c-9c06-eab3-d1c9-135b98593f8f" executionId="8e732b2f-0a96-45b1-b863-8ccc8b92c181" testListId="8c84fa94-04c1-424b-9868-57a2d4851a1d" />
    <TestEntry testId="1169cd94-c0e7-0844-b786-b04448fa3759" executionId="604625ae-5f7b-4675-a6ec-54cee17ee635" testListId="8c84fa94-04c1-424b-9868-57a2d4851a1d" />
    <TestEntry testId="8c3e9572-a4e0-399c-9fe0-0f0550b315b9" executionId="1c83264d-5d5a-44f7-ab96-9671271ee4a6" testListId="8c84fa94-04c1-424b-9868-57a2d4851a1d" />
    <TestEntry testId="73304184-e608-ecdd-9533-712d61466eb6" executionId="a99ad5a5-1713-4654-972a-f84a86829562" testListId="8c84fa94-04c1-424b-9868-57a2d4851a1d" />
    <TestEntry testId="465822e1-3dfb-b4f9-7a1c-eaadf5be5c10" executionId="26b1c2cb-c93d-46dd-94d0-00cfaf93fa1d" testListId="8c84fa94-04c1-424b-9868-57a2d4851a1d" />
    <TestEntry testId="d2bc2e0b-f0b1-50b0-b03d-d0f5cf78c923" executionId="6afa4063-51db-4cd6-896b-4bd3d9eb125c" testListId="8c84fa94-04c1-424b-9868-57a2d4851a1d" />
    <TestEntry testId="9bd2e220-c72e-961a-c9c4-81740a2596fd" executionId="297a6863-6481-4432-9fc3-cab70740a2a9" testListId="8c84fa94-04c1-424b-9868-57a2d4851a1d" />
    <TestEntry testId="ace97d1e-bb36-4bd8-cb57-74305f304697" executionId="fa5fa66a-befc-44f3-b12f-942077c13ddb" testListId="8c84fa94-04c1-424b-9868-57a2d4851a1d" />
    <TestEntry testId="7e62a782-392b-a478-cebd-8214101a20c5" executionId="1236f2e2-4a79-494b-8d2b-96c38d3e2f74" testListId="8c84fa94-04c1-424b-9868-57a2d4851a1d" />
    <TestEntry testId="430204c9-0521-a730-6d2e-f3540ef7fdc4" executionId="32556076-6f06-42ea-85ec-395a81054c01" testListId="8c84fa94-04c1-424b-9868-57a2d4851a1d" />
    <TestEntry testId="4e16dc8e-dcc7-043a-dff8-4c0f731bc698" executionId="fd0e0713-82dd-40ff-b4ef-6f39e7a9446c" testListId="8c84fa94-04c1-424b-9868-57a2d4851a1d" />
    <TestEntry testId="0a4e1810-0bf7-19b5-6dfd-536b16e6da89" executionId="98e3d802-f42a-4df4-96fe-a86d235587a4" testListId="8c84fa94-04c1-424b-9868-57a2d4851a1d" />
    <TestEntry testId="baa5793b-4d8d-4949-34e9-a10290558d9c" executionId="e722d717-3dc4-406c-873b-11b54d0a4a34" testListId="8c84fa94-04c1-424b-9868-57a2d4851a1d" />
    <TestEntry testId="a373e96e-b62c-eb77-19ec-ac8fabf309f6" executionId="eb0ea757-f971-4027-b1f4-2050baf5938c" testListId="8c84fa94-04c1-424b-9868-57a2d4851a1d" />
    <TestEntry testId="50a79d9a-729d-94c5-3c94-9cda87bc27c6" executionId="7574aea9-0693-4f3b-b396-f9e7c2f43782" testListId="8c84fa94-04c1-424b-9868-57a2d4851a1d" />
    <TestEntry testId="f3280c23-027a-ad8f-0c3d-66466293ec0e" executionId="b6910d5f-faa0-4c69-8060-510d37b35892" testListId="8c84fa94-04c1-424b-9868-57a2d4851a1d" />
    <TestEntry testId="42eef3d6-1a1b-bc2c-2bb9-eed7f9a6da87" executionId="62b97239-cc73-47a4-aeb9-5ad5151262f3" testListId="8c84fa94-04c1-424b-9868-57a2d4851a1d" />
    <TestEntry testId="96324546-0b4c-657a-38bf-87cae044038f" executionId="a0cf3c36-a49f-44ed-b17a-26cf39253938" testListId="8c84fa94-04c1-424b-9868-57a2d4851a1d" />
    <TestEntry testId="dee05ed0-16b7-2bf7-c3d9-eef784c5f1d8" executionId="952d5ddd-f7b4-4667-83b0-410383bac531" testListId="8c84fa94-04c1-424b-9868-57a2d4851a1d" />
    <TestEntry testId="3502e061-f81d-d8fe-3328-cce0a12c38fe" executionId="233b25ac-473d-4bdb-95a8-7f5b9470fa5b" testListId="8c84fa94-04c1-424b-9868-57a2d4851a1d" />
    <TestEntry testId="1c182ae5-f201-71c5-46a6-ed4c74bfea6d" executionId="35c08752-5c89-4d8d-8bc6-9649d63db3df" testListId="8c84fa94-04c1-424b-9868-57a2d4851a1d" />
    <TestEntry testId="c7b98515-873e-4c51-15e6-b7d069e96c30" executionId="4174666c-c01b-4d7d-93c2-428d54aa656d" testListId="8c84fa94-04c1-424b-9868-57a2d4851a1d" />
    <TestEntry testId="dc3366cd-f140-f2aa-a8b4-dcdc0fcb6960" executionId="06c60446-14bc-49c0-8ab9-38f29a96f29c" testListId="8c84fa94-04c1-424b-9868-57a2d4851a1d" />
    <TestEntry testId="3638f16d-ec7b-19f3-39c7-c4b79b7f1212" executionId="fec09a96-dcd9-4e81-ac16-b225c36d75ea" testListId="8c84fa94-04c1-424b-9868-57a2d4851a1d" />
    <TestEntry testId="045e6a50-629f-2e28-9672-b26a2baab094" executionId="b145d9c0-1bd6-4386-a563-a50815b17de3" testListId="8c84fa94-04c1-424b-9868-57a2d4851a1d" />
    <TestEntry testId="96bd3bc6-f493-dcc9-71ea-289a724d3fe0" executionId="93a96b3a-5bd9-4a69-a2e0-37af7b4b34bd" testListId="8c84fa94-04c1-424b-9868-57a2d4851a1d" />
    <TestEntry testId="5206b762-cc18-3e6b-af1c-3dc696e6473a" executionId="028558cd-ab96-41d4-9f39-8dcd919aafc4" testListId="8c84fa94-04c1-424b-9868-57a2d4851a1d" />
    <TestEntry testId="c366ff22-21b6-eacd-2440-193eee8a9102" executionId="a99650c8-00ee-40ac-b889-4cc3be72f26e" testListId="8c84fa94-04c1-424b-9868-57a2d4851a1d" />
    <TestEntry testId="e198fe80-7158-dfe3-2784-6c9576c401c3" executionId="11db7262-b69e-470a-8988-78b7f300c72a" testListId="8c84fa94-04c1-424b-9868-57a2d4851a1d" />
    <TestEntry testId="ed219a79-dfe4-17e2-f88b-1555e253229f" executionId="46a0891c-d031-4091-9934-76998f52201c" testListId="8c84fa94-04c1-424b-9868-57a2d4851a1d" />
    <TestEntry testId="77349aaa-1753-779f-55d6-ede529593f51" executionId="42573b8e-96a2-41ad-ade7-e747e6fda043" testListId="8c84fa94-04c1-424b-9868-57a2d4851a1d" />
    <TestEntry testId="e207733b-4e5c-1b59-c14b-c82e9bb1f146" executionId="aaeec011-6846-470a-8682-f3b327202f18" testListId="8c84fa94-04c1-424b-9868-57a2d4851a1d" />
    <TestEntry testId="d92550b1-0ca2-1c5e-d0ad-b298d5786c0c" executionId="eea11f8b-a1d4-479e-b809-bfc8cc9c28c3" testListId="8c84fa94-04c1-424b-9868-57a2d4851a1d" />
    <TestEntry testId="49bd07ab-c8c8-3778-5ebb-ff4ba300a01f" executionId="0ab716c8-c1b4-4a75-8c64-b8d0b45a4764" testListId="8c84fa94-04c1-424b-9868-57a2d4851a1d" />
    <TestEntry testId="34e91c7f-8b58-2310-9fbf-5980191d33cb" executionId="c32ca5a8-73bd-4dfc-a960-52a4a22c99b3" testListId="8c84fa94-04c1-424b-9868-57a2d4851a1d" />
    <TestEntry testId="45f2e750-b21c-b90a-09cf-d05d0a4953f0" executionId="e2330271-9f5c-4594-bd0e-a96d4304c2e3" testListId="8c84fa94-04c1-424b-9868-57a2d4851a1d" />
    <TestEntry testId="21170c22-35bc-f34b-f68d-39e80a76a48e" executionId="a3faa9ee-fc34-4b88-8ccc-4dc69e3ac4c5" testListId="8c84fa94-04c1-424b-9868-57a2d4851a1d" />
    <TestEntry testId="e5b060c5-66ff-9bf7-42a1-23cec33ce2da" executionId="ea93d0c6-bb1d-410f-ba14-5110baefefac" testListId="8c84fa94-04c1-424b-9868-57a2d4851a1d" />
    <TestEntry testId="80e9bea8-0cd1-e930-6c99-7f1fea9cef6a" executionId="46477709-b59a-4eab-902c-3d39afe426e3" testListId="8c84fa94-04c1-424b-9868-57a2d4851a1d" />
    <TestEntry testId="017b9ccd-ff1b-0643-3dd1-e788df54300a" executionId="59f04259-1a8f-48f9-8df9-191ed95e1e19" testListId="8c84fa94-04c1-424b-9868-57a2d4851a1d" />
    <TestEntry testId="a1f4fcbc-e816-b8de-1560-7c097c5babe2" executionId="24d1d473-c1d6-490c-a1b3-5b335e93c92c" testListId="8c84fa94-04c1-424b-9868-57a2d4851a1d" />
    <TestEntry testId="02390621-47f6-7eae-b639-73bf5ccfbf0d" executionId="43cb38b2-3795-4ad3-8ea0-a769f64bc8d9" testListId="8c84fa94-04c1-424b-9868-57a2d4851a1d" />
  </TestEntries>
  <TestLists>
    <TestList name="Results Not in a List" id="8c84fa94-04c1-424b-9868-57a2d4851a1d" />
    <TestList name="All Loaded Results" id="19431567-8539-422a-85d7-44ee4e166bda" />
  </TestLists>
  <ResultSummary outcome="Completed">
    <Counters total="56" executed="51" passed="51" failed="0" error="0" timeout="0" aborted="0" inconclusive="0" passedButRunAborted="0" notRunnable="0" notExecuted="0" disconnected="0" warning="0" completed="0" inProgress="0" pending="0" />
    <Output>
      <StdOut>[xUnit.net 00:00:00.00] xUnit.net VSTest Adapter v2.8.2+699d445a1a (64-bit .NET 10.0.0)
[xUnit.net 00:00:00.26]   Discovering: Slopterm.Tests
[xUnit.net 00:00:00.47]   Discovered:  Slopterm.Tests
[xUnit.net 00:00:00.47]   Starting:    Slopterm.Tests
[xUnit.net 00:00:40.01]       SLOPTERM_WEBDAV_URL not set
[xUnit.net 00:00:40.01]       SLOPTERM_WEBDAV_URL not set
[xUnit.net 00:00:40.01]       SLOPTERM_WEBDAV_URL not set
[xUnit.net 00:00:40.03]       SLOPTERM_WEBDAV_URL not set
[xUnit.net 00:00:40.04]       SLOPTERM_WEBDAV_URL not set
Test 'Slopterm.Tests.WebDavIntegrationTests.TheServerOnlyEverHoldsCiphertext' was skipped in the test run.
Test 'Slopterm.Tests.WebDavIntegrationTests.ConcurrentEditsKeepBothSidesThroughARealServer' was skipped in the test run.
Test 'Slopterm.Tests.WebDavIntegrationTests.TwoDevicesConvergeThroughARealServer' was skipped in the test run.
Test 'Slopterm.Tests.WebDavRemoteTests.RoundTripsRecordsThroughEveryVerbTheSyncLoopUses' was skipped in the test run.
Test 'Slopterm.Tests.WebDavRemoteTests.ReportsPreconditionFailuresRatherThanThrowing' was skipped in the test run.
[xUnit.net 00:00:43.36]   Finished:    Slopterm.Tests
</StdOut>
    </Output>
    <RunInfos>
      <RunInfo computerName="e48a8263a08a" outcome="Warning" timestamp="2026-08-03T17:49:51.2086144+00:00">
        <Text>[xUnit.net 00:00:40.01]     Slopterm.Tests.WebDavIntegrationTests.TheServerOnlyEverHoldsCiphertext [SKIP]</Text>
      </RunInfo>
      <RunInfo computerName="e48a8263a08a" outcome="Warning" timestamp="2026-08-03T17:49:51.2086769+00:00">
        <Text>[xUnit.net 00:00:40.01]     Slopterm.Tests.WebDavIntegrationTests.ConcurrentEditsKeepBothSidesThroughARealServer [SKIP]</Text>
      </RunInfo>
      <RunInfo computerName="e48a8263a08a" outcome="Warning" timestamp="2026-08-03T17:49:51.2121027+00:00">
        <Text>[xUnit.net 00:00:40.01]     Slopterm.Tests.WebDavIntegrationTests.TwoDevicesConvergeThroughARealServer [SKIP]</Text>
      </RunInfo>
      <RunInfo computerName="e48a8263a08a" outcome="Warning" timestamp="2026-08-03T17:49:51.2252196+00:00">
        <Text>[xUnit.net 00:00:40.02]     Slopterm.Tests.WebDavRemoteTests.RoundTripsRecordsThroughEveryVerbTheSyncLoopUses [SKIP]</Text>
      </RunInfo>
      <RunInfo computerName="e48a8263a08a" outcome="Warning" timestamp="2026-08-03T17:49:51.2361686+00:00">
        <Text>[xUnit.net 00:00:40.04]     Slopterm.Tests.WebDavRemoteTests.ReportsPreconditionFailuresRatherThanThrowing [SKIP]</Text>
      </RunInfo>
    </RunInfos>
  </ResultSummary>
</TestRun>